******************************************************************************
                  TI ARM Linker PC v20.2.6                     
******************************************************************************
>> Linked Thu Mar 17 23:12:16 2022

OUTPUT FILE NAME:   <MiniProyectoDisenio.out>
ENTRY POINT SYMBOL: "_c_int00_noargs"  address: 000040b5


MEMORY CONFIGURATION

         name            origin    length      used     unused   attr    fill
----------------------  --------  ---------  --------  --------  ----  --------
  FLASH                 00000000   00040000  00004650  0003b9b0  R  X
  SRAM                  20000000   00008000  0000037d  00007c83  RW X


SEGMENT ALLOCATION MAP

run origin  load origin   length   init length attrs members
----------  ----------- ---------- ----------- ----- -------
00000000    00000000    00004658   00004658    r-x
  00000000    00000000    0000026c   0000026c    r-- .intvecs
  0000026c    0000026c    00004120   00004120    r-x .text
  00004390    00004390    00000284   00000284    r-- .const
  00004618    00004618    00000040   00000040    r-- .cinit
20000000    20000000    00000380   00000000    rw-
  20000000    20000000    00000200   00000000    rw- .stack
  20000200    20000200    00000135   00000000    rw- .bss
  20000338    20000338    00000048   00000000    rw- .data


SECTION ALLOCATION MAP

 output                                  attributes/
section   page    origin      length       input sections
--------  ----  ----------  ----------   ----------------
.intvecs   0    00000000    0000026c     
                  00000000    0000026c     tm4c123gh6pm_startup_ccs.obj (.intvecs)

.text      0    0000026c    00004120     
                  0000026c    00000bf0     i2cm_drv.obj (.text)
                  00000e5c    000009d0     rtsv7M4_T_le_v4SPD16_eabi.lib : e_pow.c.obj (.text:pow)
                  0000182c    000007d4     main.obj (.text)
                  00002000    000005b0     mpu6050.obj (.text)
                  000025b0    0000049c     uartstdio.obj (.text)
                  00002a4c    000002ec     rtsv7M4_T_le_v4SPD16_eabi.lib : s_atan.c.obj (.text:atan)
                  00002d38    000001e4                                   : e_atan2.c.obj (.text:atan2)
                  00002f1c    000001b6                                   : fd_add_t2.asm.obj (.text)
                  000030d2    00000002                                   : div0.asm.obj (.text)
                  000030d4    00000158                                   : e_sqrt.c.obj (.text:sqrt)
                  0000322c    00000136                                   : fd_div_t2.asm.obj (.text)
                  00003362    00000132     driverlib.lib : gpio.obj (.text:GPIOPadConfigSet)
                  00003494    00000110                   : sysctl.obj (.text:SysCtlClockGet)
                  000035a4    00000110     rtsv7M4_T_le_v4SPD16_eabi.lib : s_scalbn.c.obj (.text:scalbn)
                  000036b4    000000fc                                   : fd_mul_t2.asm.obj (.text)
                  000037b0    000000f4     driverlib.lib : sysctl.obj (.text:SysCtlClockSet)
                  000038a4    0000009c     rtsv7M4_T_le_v4SPD16_eabi.lib : memcpy_t2.asm.obj (.text)
                  00003940    00000086                                   : fd_cmp_t2.asm.obj (.text:__aeabi_cdcmple)
                  000039c6    00000086                                   : fd_cmp_t2.asm.obj (.text:__aeabi_cdrcmple)
                  00003a4c    0000007a     driverlib.lib : adc.obj (.text:ADCSequenceStepConfigure)
                  00003ac6    0000006e     rtsv7M4_T_le_v4SPD16_eabi.lib : fd_tos_t2.asm.obj (.text)
                  00003b34    00000068     driverlib.lib : interrupt.obj (.text:IntDisable)
                  00003b9c    00000068                   : interrupt.obj (.text:IntEnable)
                  00003c04    00000068     rtsv7M4_T_le_v4SPD16_eabi.lib : copy_decompress_lzss.c.obj (.text:decompress:lzss:__TI_decompress_lzss)
                  00003c6c    00000064     driverlib.lib : interrupt.obj (.text:IntIsEnabled)
                  00003cd0    00000060                   : timer.obj (.text:TimerConfigure)
                  00003d30    00000050                   : adc.obj (.text:ADCSequenceConfigure)
                  00003d80    00000050                   : sysctl.obj (.text:SysCtlPeripheralReset)
                  00003dd0    0000004c                   : i2c.obj (.text:I2CMasterInitExpClk)
                  00003e1c    00000048                   : gpio.obj (.text:GPIOPinConfigure)
                  00003e64    00000046                   : uart.obj (.text:UARTConfigSetExpClk)
                  00003eaa    00000002     --HOLE-- [fill = 0]
                  00003eac    00000044     rtsv7M4_T_le_v4SPD16_eabi.lib : autoinit.c.obj (.text:__TI_auto_init_nobinit_nopinit:__TI_auto_init_nobinit_nopinit)
                  00003ef0    00000040                                   : u_divt2.asm.obj (.text)
                  00003f30    0000003c     driverlib.lib : ssi.obj (.text:SSIConfigSetExpClk)
                  00003f6c    00000038                   : sysctl.obj (.text:SysCtlPeripheralPresent)
                  00003fa4    00000038     rtsv7M4_T_le_v4SPD16_eabi.lib : fs_tod_t2.asm.obj (.text)
                  00003fdc    00000036     i2cm_drv.obj (.text:I2CMRead)
                  00004012    00000036     i2cm_drv.obj (.text:I2CMWrite)
                  00004048    00000036     i2cm_drv.obj (.text:I2CMWriteBatched)
                  0000407e    00000002     --HOLE-- [fill = 0]
                  00004080    00000034     driverlib.lib : sysctl.obj (.text:SysCtlPeripheralEnable)
                  000040b4    00000034     rtsv7M4_T_le_v4SPD16_eabi.lib : boot_cortex_m.c.obj (.text:_c_int00_noargs:_c_int00_noargs)
                  000040e8    0000002e     driverlib.lib : adc.obj (.text:ADCIntStatus)
                  00004116    0000002e     rtsv7M4_T_le_v4SPD16_eabi.lib : i_tofd_t2.asm.obj (.text)
                  00004144    0000002a     driverlib.lib : gpio.obj (.text:GPIODirModeSet)
                  0000416e    00000002     --HOLE-- [fill = 0]
                  00004170    00000020                   : uart.obj (.text:UARTDisable)
                  00004190    0000001e                   : adc.obj (.text:ADCSequenceDataGet)
                  000041ae    0000001c     rtsv7M4_T_le_v4SPD16_eabi.lib : copy_zero_init.c.obj (.text:decompress:ZI:__TI_zero_init_nomemset:__TI_zero_init_nomemset)
                  000041ca    0000001a                                   : s_copysign.c.obj (.text:copysign)
                  000041e4    00000018     driverlib.lib : adc.obj (.text:ADCProcessorTrigger)
                  000041fc    00000014                   : uart.obj (.text:UARTEnable)
                  00004210    00000012                   : gpio.obj (.text:GPIOPinTypeADC)
                  00004222    00000012                   : gpio.obj (.text:GPIOPinTypeI2C)
                  00004234    00000012                   : gpio.obj (.text:GPIOPinTypeI2CSCL)
                  00004246    00000012                   : gpio.obj (.text:GPIOPinTypeSSI)
                  00004258    00000012                   : gpio.obj (.text:GPIOPinTypeUART)
                  0000426a    00000012                   : ssi.obj (.text:SSIDataGetNonBlocking)
                  0000427c    00000012                   : timer.obj (.text:TimerLoadSet)
                  0000428e    00000010                   : interrupt.obj (.text:IntMasterEnable)
                  0000429e    0000000e                   : adc.obj (.text:ADCSequenceEnable)
                  000042ac    0000000e                   : timer.obj (.text:TimerEnable)
                  000042ba    0000000e                   : uart.obj (.text:UARTCharGetNonBlocking)
                  000042c8    0000000e     rtsv7M4_T_le_v4SPD16_eabi.lib : copy_decompress_none.c.obj (.text:decompress:none:__TI_decompress_none)
                  000042d6    0000000c     driverlib.lib : cpu.obj (.text:CPUcpsie)
                  000042e2    00000002     --HOLE-- [fill = 0]
                  000042e4    0000000c                   : interrupt.obj (.text:IntTrigger)
                  000042f0    0000000c     tm4c123gh6pm_startup_ccs.obj (.text)
                  000042fc    0000000a     driverlib.lib : adc.obj (.text:ADCIntClear)
                  00004306    0000000a                   : i2c.obj (.text:I2CMasterEnable)
                  00004310    0000000a                   : ssi.obj (.text:SSIDataPut)
                  0000431a    0000000a                   : ssi.obj (.text:SSIEnable)
                  00004324    0000000a                   : uart.obj (.text:UARTCharGet)
                  0000432e    0000000a                   : uart.obj (.text:UARTCharPut)
                  00004338    00000008                   : i2c.obj (.text:I2CMasterIntClear)
                  00004340    00000008                   : i2c.obj (.text:I2CMasterIntEnableEx)
                  00004348    00000008                   : i2c.obj (.text:I2CMasterSlaveAddrSet)
                  00004350    00000008                   : ssi.obj (.text:SSIBusy)
                  00004358    00000008                   : timer.obj (.text:TimerIntEnable)
                  00004360    00000008     rtsv7M4_T_le_v4SPD16_eabi.lib : errno.c.obj (.text:__aeabi_errno_addr)
                  00004368    00000006     driverlib.lib : sysctl.obj (.text:SysCtlDelay)
                  0000436e    00000006                   : uart.obj (.text:UARTClockSourceSet)
                  00004374    00000004                   : i2c.obj (.text:I2CMasterControl)
                  00004378    00000004                   : i2c.obj (.text:I2CMasterDataGet)
                  0000437c    00000004                   : i2c.obj (.text:I2CMasterDataPut)
                  00004380    00000004                   : timer.obj (.text:TimerIntClear)
                  00004384    00000004     rtsv7M4_T_le_v4SPD16_eabi.lib : pre_init.c.obj (.text:_system_pre_init)
                  00004388    00000004                                   : exit.c.obj (.text:abort:abort)

.const     0    00004390    00000284     
                  00004390    00000098     rtsv7M4_T_le_v4SPD16_eabi.lib : s_atan.c.obj (.const:$O1$$)
                  00004428    00000090     driverlib.lib : gpio.obj (.const:g_pui32GPIOBaseAddrs)
                  000044b8    00000070                   : interrupt.obj (.const)
                  00004528    0000006c                   : sysctl.obj (.const:g_pui32Xtals)
                  00004594    00000004     uartstdio.obj (.const)
                  00004598    00000030     rtsv7M4_T_le_v4SPD16_eabi.lib : e_pow.c.obj (.const:$O1$$)
                  000045c8    00000012     uartstdio.obj (.const:.string)
                  000045da    00000002     --HOLE-- [fill = 0]
                  000045dc    00000010     mpu6050.obj (.const:g_fMPU6050AccelFactors)
                  000045ec    00000010     mpu6050.obj (.const:g_fMPU6050GyroFactors)
                  000045fc    0000000c     uartstdio.obj (.const:g_ui32UARTBase)
                  00004608    0000000c     uartstdio.obj (.const:g_ui32UARTPeriph)

.cinit     0    00004618    00000040     
                  00004618    00000016     (.cinit..data.load) [load image, compression = lzss]
                  0000462e    00000002     --HOLE-- [fill = 0]
                  00004630    0000000c     (__TI_handler_table)
                  0000463c    00000004     --HOLE-- [fill = 0]
                  00004640    00000008     (.cinit..bss.load) [load image, compression = zero_init]
                  00004648    00000010     (__TI_cinit_table)

.init_array 
*          0    00000000    00000000     UNINITIALIZED

.bss       0    20000200    00000135     UNINITIALIZED
                  20000200    00000124     (.common:g_sI2CMSimpleInst)
                  20000324    00000004     (.common:wf0)
                  20000328    00000004     (.common:wf1)
                  2000032c    00000004     (.common:wf2)
                  20000330    00000002     (.common:dato)
                  20000332    00000002     (.common:u_kint)
                  20000334    00000001     (.common:g_bMPU6050Done)

.data      0    20000338    00000048     UNINITIALIZED
                  20000338    0000003a     main.obj (.data)
                  20000372    00000002     --HOLE--
                  20000374    00000005     uartstdio.obj (.data)
                  20000379    00000003     --HOLE--
                  2000037c    00000004     rtsv7M4_T_le_v4SPD16_eabi.lib : errno.c.obj (.data)

.stack     0    20000000    00000200     UNINITIALIZED
                  20000000    00000004     rtsv7M4_T_le_v4SPD16_eabi.lib : boot_cortex_m.c.obj (.stack)
                  20000004    000001fc     --HOLE--

__llvm_prf_cnts 
*          0    20000000    00000000     UNINITIALIZED

MODULE SUMMARY

       Module                         code    ro data   rw data
       ------                         ----    -------   -------
    .\
       i2cm_drv.obj                   3218    0         0      
       main.obj                       2004    0         367    
       mpu6050.obj                    1456    32        0      
       uartstdio.obj                  1180    46        5      
       tm4c123gh6pm_startup_ccs.obj   12      620       0      
    +--+------------------------------+-------+---------+---------+
       Total:                         7870    698       372    
                                                               
    C:/ti/TivaWare_C_Series-2.1.4.178/driverlib/ccs/Debug/driverlib.lib
       sysctl.obj                     710     108       0      
       gpio.obj                       510     144       0      
       interrupt.obj                  336     112       0      
       adc.obj                        326     0         0      
       uart.obj                       162     0         0      
       timer.obj                      140     0         0      
       i2c.obj                        122     0         0      
       ssi.obj                        106     0         0      
       cpu.obj                        12      0         0      
    +--+------------------------------+-------+---------+---------+
       Total:                         2424    364       0      
                                                               
    C:\ti\ccs1110\ccs\tools\compiler\ti-cgt-arm_20.2.6.LTS\lib\rtsv7M4_T_le_v4SPD16_eabi.lib
       e_pow.c.obj                    2512    48        0      
       s_atan.c.obj                   748     152       0      
       e_atan2.c.obj                  484     0         0      
       fd_add_t2.asm.obj              438     0         0      
       e_sqrt.c.obj                   344     0         0      
       fd_div_t2.asm.obj              310     0         0      
       s_scalbn.c.obj                 272     0         0      
       fd_cmp_t2.asm.obj              268     0         0      
       fd_mul_t2.asm.obj              252     0         0      
       memcpy_t2.asm.obj              156     0         0      
       fd_tos_t2.asm.obj              110     0         0      
       copy_decompress_lzss.c.obj     104     0         0      
       autoinit.c.obj                 68      0         0      
       u_divt2.asm.obj                64      0         0      
       fs_tod_t2.asm.obj              56      0         0      
       boot_cortex_m.c.obj            52      0         0      
       i_tofd_t2.asm.obj              46      0         0      
       copy_zero_init.c.obj           28      0         0      
       s_copysign.c.obj               26      0         0      
       copy_decompress_none.c.obj     14      0         0      
       errno.c.obj                    8       0         4      
       exit.c.obj                     4       0         0      
       pre_init.c.obj                 4       0         0      
       div0.asm.obj                   2       0         0      
    +--+------------------------------+-------+---------+---------+
       Total:                         6370    200       4      
                                                               
       Stack:                         0       0         512    
       Linker Generated:              0       58        0      
    +--+------------------------------+-------+---------+---------+
       Grand Total:                   16664   1320      888    


LINKER GENERATED COPY TABLES

__TI_cinit_table @ 00004648 records: 2, size/record: 8, table size: 16
	.data: load addr=00004618, load size=00000016 bytes, run addr=20000338, run size=00000048 bytes, compression=lzss
	.bss: load addr=00004640, load size=00000008 bytes, run addr=20000200, run size=00000135 bytes, compression=zero_init


LINKER GENERATED HANDLER TABLE

__TI_handler_table @ 00004630 records: 3, size/record: 4, table size: 12
	index: 0, handler: __TI_decompress_lzss
	index: 1, handler: __TI_decompress_none
	index: 2, handler: __TI_zero_init


GLOBAL SYMBOLS: SORTED ALPHABETICALLY BY Name 

address   name                          
-------   ----                          
000042fd  ADCIntClear                   
000040e9  ADCIntStatus                  
000041e5  ADCProcessorTrigger           
00003d31  ADCSequenceConfigure          
00004191  ADCSequenceDataGet            
0000429f  ADCSequenceEnable             
00003a4d  ADCSequenceStepConfigure      
00004389  C$$EXIT                       
000042d7  CPUcpsie                      
2000034c  E_k                           
00004145  GPIODirModeSet                
00003363  GPIOPadConfigSet              
00003e1d  GPIOPinConfigure              
00004211  GPIOPinTypeADC                
00004223  GPIOPinTypeI2C                
00004235  GPIOPinTypeI2CSCL             
00004247  GPIOPinTypeSSI                
00004259  GPIOPinTypeUART               
00001d59  GetFloat                      
0000085d  I2CMCommand                   
00000807  I2CMInit                      
000006e9  I2CMIntHandler                
00003fdd  I2CMRead                      
00000d21  I2CMRead16BE                  
00000b47  I2CMReadModifyWrite16LE       
000009ff  I2CMReadModifyWrite8          
00001a85  I2CMSimpleIntHandler          
00000929  I2CMTransferResume            
00004013  I2CMWrite                     
00000de7  I2CMWrite16BE                 
00000c55  I2CMWrite8                    
00004049  I2CMWriteBatched              
00004375  I2CMasterControl              
00004379  I2CMasterDataGet              
0000437d  I2CMasterDataPut              
00004307  I2CMasterEnable               
00003dd1  I2CMasterInitExpClk           
00004339  I2CMasterIntClear             
00004341  I2CMasterIntEnableEx          
00004349  I2CMasterSlaveAddrSet         
000019bf  InitConsole                   
000019fb  InitI2C0                      
00003b35  IntDisable                    
00003b9d  IntEnable                     
00003c6d  IntIsEnabled                  
0000428f  IntMasterEnable               
000042e5  IntTrigger                    
00001e3f  Key                           
00001b05  MPU6050                       
00001a73  MPU6050Callback               
00002431  MPU6050DataAccelGetFloat      
000023e5  MPU6050DataAccelGetRaw        
00002515  MPU6050DataGyroGetFloat       
000024c5  MPU6050DataGyroGetRaw         
00002381  MPU6050DataRead               
0000216b  MPU6050Init                   
000021ed  MPU6050Read                   
00002323  MPU6050ReadModifyWrite        
00002259  MPU6050Write                  
20000370  Mdata                         
2000033c  Ref                           
000042f1  ResetISR                      
00004351  SSIBusy                       
00003f31  SSIConfigSetExpClk            
0000426b  SSIDataGetNonBlocking         
00004311  SSIDataPut                    
0000431b  SSIEnable                     
00003495  SysCtlClockGet                
000037b1  SysCtlClockSet                
00004369  SysCtlDelay                   
00004081  SysCtlPeripheralEnable        
00003f6d  SysCtlPeripheralPresent       
00003d81  SysCtlPeripheralReset         
0000182d  Timer0IntHandler              
00003cd1  TimerConfigure                
000042ad  TimerEnable                   
00004381  TimerIntClear                 
00004359  TimerIntEnable                
0000427d  TimerLoadSet                  
00004325  UARTCharGet                   
000042bb  UARTCharGetNonBlocking        
0000432f  UARTCharPut                   
0000436f  UARTClockSourceSet            
00003e65  UARTConfigSetExpClk           
00004171  UARTDisable                   
000041fd  UARTEnable                    
000025b1  UARTStdioConfig               
000026f7  UARTgetc                      
0000263d  UARTgets                      
00002a17  UARTprintf                    
0000271d  UARTvprintf                   
000025f7  UARTwrite                     
20000200  __STACK_END                   
00000200  __STACK_SIZE                  
20000200  __STACK_TOP                   
00004648  __TI_CINIT_Base               
00004658  __TI_CINIT_Limit              
00004630  __TI_Handler_Table_Base       
0000463c  __TI_Handler_Table_Limit      
00003ead  __TI_auto_init_nobinit_nopinit
00003c05  __TI_decompress_lzss          
000042c9  __TI_decompress_none          
ffffffff  __TI_pprof_out_hndl           
ffffffff  __TI_prof_data_size           
ffffffff  __TI_prof_data_start          
00000000  __TI_static_base__            
000041af  __TI_zero_init_nomemset       
00003941  __aeabi_cdcmpeq               
00003941  __aeabi_cdcmple               
000039c7  __aeabi_cdrcmple              
00003ac7  __aeabi_d2f                   
00002f27  __aeabi_dadd                  
0000322d  __aeabi_ddiv                  
000036b5  __aeabi_dmul                  
00002f1d  __aeabi_dsub                  
00004361  __aeabi_errno_addr            
00003fa5  __aeabi_f2d                   
00004117  __aeabi_i2d                   
000030d3  __aeabi_idiv0                 
000030d3  __aeabi_ldiv0                 
000038a5  __aeabi_memcpy                
000038a5  __aeabi_memcpy4               
000038a5  __aeabi_memcpy8               
00003ef1  __aeabi_uidiv                 
00003ef1  __aeabi_uidivmod              
ffffffff  __binit__                     
ffffffff  __c_args__                    
UNDEFED   __mpu_init                    
20000000  __stack                       
20000000  __start___llvm_prf_cnts       
20000000  __stop___llvm_prf_cnts        
000040b5  _c_int00_noargs               
UNDEFED   _system_post_cinit            
00004385  _system_pre_init              
00004389  abort                         
00002a4d  atan                          
00002d39  atan2                         
00002d39  atan2l                        
00002a4d  atanl                         
ffffffff  binit                         
000041cb  copysign                      
000041cb  copysignl                     
20000330  dato                          
00001a57  delayMS                       
20000350  eD                            
20000348  e_k                           
20000344  e_k_1                         
2000037c  errno                         
20000334  g_bMPU6050Done                
00000000  g_pfnVectors                  
20000200  g_sI2CMSimpleInst             
20000338  i                             
2000035c  kD                            
20000358  kI                            
20000354  kP                            
000035a5  ldexp                         
000035a5  ldexpl                        
00001e8d  main                          
000038a5  memcpy                        
00000e5d  pow                           
00000e5d  powl                          
000035a5  scalbn                        
000035a5  scalbnl                       
00001e1b  sendHL                        
20000371  send_data                     
000030d5  sqrt                          
000030d5  sqrtl                         
20000340  u_k                           
20000332  u_kint                        
20000324  wf0                           
20000328  wf1                           
2000032c  wf2                           
20000360  xAccel                        
20000366  xGyro                         
2000036c  xf                            
20000362  yAccel                        
20000368  yGyro                         
20000364  zAccel                        
2000036a  zGyro                         


GLOBAL SYMBOLS: SORTED BY Symbol Address 

address   name                          
-------   ----                          
00000000  __TI_static_base__            
00000000  g_pfnVectors                  
00000200  __STACK_SIZE                  
000006e9  I2CMIntHandler                
00000807  I2CMInit                      
0000085d  I2CMCommand                   
00000929  I2CMTransferResume            
000009ff  I2CMReadModifyWrite8          
00000b47  I2CMReadModifyWrite16LE       
00000c55  I2CMWrite8                    
00000d21  I2CMRead16BE                  
00000de7  I2CMWrite16BE                 
00000e5d  pow                           
00000e5d  powl                          
0000182d  Timer0IntHandler              
000019bf  InitConsole                   
000019fb  InitI2C0                      
00001a57  delayMS                       
00001a73  MPU6050Callback               
00001a85  I2CMSimpleIntHandler          
00001b05  MPU6050                       
00001d59  GetFloat                      
00001e1b  sendHL                        
00001e3f  Key                           
00001e8d  main                          
0000216b  MPU6050Init                   
000021ed  MPU6050Read                   
00002259  MPU6050Write                  
00002323  MPU6050ReadModifyWrite        
00002381  MPU6050DataRead               
000023e5  MPU6050DataAccelGetRaw        
00002431  MPU6050DataAccelGetFloat      
000024c5  MPU6050DataGyroGetRaw         
00002515  MPU6050DataGyroGetFloat       
000025b1  UARTStdioConfig               
000025f7  UARTwrite                     
0000263d  UARTgets                      
000026f7  UARTgetc                      
0000271d  UARTvprintf                   
00002a17  UARTprintf                    
00002a4d  atan                          
00002a4d  atanl                         
00002d39  atan2                         
00002d39  atan2l                        
00002f1d  __aeabi_dsub                  
00002f27  __aeabi_dadd                  
000030d3  __aeabi_idiv0                 
000030d3  __aeabi_ldiv0                 
000030d5  sqrt                          
000030d5  sqrtl                         
0000322d  __aeabi_ddiv                  
00003363  GPIOPadConfigSet              
00003495  SysCtlClockGet                
000035a5  ldexp                         
000035a5  ldexpl                        
000035a5  scalbn                        
000035a5  scalbnl                       
000036b5  __aeabi_dmul                  
000037b1  SysCtlClockSet                
000038a5  __aeabi_memcpy                
000038a5  __aeabi_memcpy4               
000038a5  __aeabi_memcpy8               
000038a5  memcpy                        
00003941  __aeabi_cdcmpeq               
00003941  __aeabi_cdcmple               
000039c7  __aeabi_cdrcmple              
00003a4d  ADCSequenceStepConfigure      
00003ac7  __aeabi_d2f                   
00003b35  IntDisable                    
00003b9d  IntEnable                     
00003c05  __TI_decompress_lzss          
00003c6d  IntIsEnabled                  
00003cd1  TimerConfigure                
00003d31  ADCSequenceConfigure          
00003d81  SysCtlPeripheralReset         
00003dd1  I2CMasterInitExpClk           
00003e1d  GPIOPinConfigure              
00003e65  UARTConfigSetExpClk           
00003ead  __TI_auto_init_nobinit_nopinit
00003ef1  __aeabi_uidiv                 
00003ef1  __aeabi_uidivmod              
00003f31  SSIConfigSetExpClk            
00003f6d  SysCtlPeripheralPresent       
00003fa5  __aeabi_f2d                   
00003fdd  I2CMRead                      
00004013  I2CMWrite                     
00004049  I2CMWriteBatched              
00004081  SysCtlPeripheralEnable        
000040b5  _c_int00_noargs               
000040e9  ADCIntStatus                  
00004117  __aeabi_i2d                   
00004145  GPIODirModeSet                
00004171  UARTDisable                   
00004191  ADCSequenceDataGet            
000041af  __TI_zero_init_nomemset       
000041cb  copysign                      
000041cb  copysignl                     
000041e5  ADCProcessorTrigger           
000041fd  UARTEnable                    
00004211  GPIOPinTypeADC                
00004223  GPIOPinTypeI2C                
00004235  GPIOPinTypeI2CSCL             
00004247  GPIOPinTypeSSI                
00004259  GPIOPinTypeUART               
0000426b  SSIDataGetNonBlocking         
0000427d  TimerLoadSet                  
0000428f  IntMasterEnable               
0000429f  ADCSequenceEnable             
000042ad  TimerEnable                   
000042bb  UARTCharGetNonBlocking        
000042c9  __TI_decompress_none          
000042d7  CPUcpsie                      
000042e5  IntTrigger                    
000042f1  ResetISR                      
000042fd  ADCIntClear                   
00004307  I2CMasterEnable               
00004311  SSIDataPut                    
0000431b  SSIEnable                     
00004325  UARTCharGet                   
0000432f  UARTCharPut                   
00004339  I2CMasterIntClear             
00004341  I2CMasterIntEnableEx          
00004349  I2CMasterSlaveAddrSet         
00004351  SSIBusy                       
00004359  TimerIntEnable                
00004361  __aeabi_errno_addr            
00004369  SysCtlDelay                   
0000436f  UARTClockSourceSet            
00004375  I2CMasterControl              
00004379  I2CMasterDataGet              
0000437d  I2CMasterDataPut              
00004381  TimerIntClear                 
00004385  _system_pre_init              
00004389  C$$EXIT                       
00004389  abort                         
00004630  __TI_Handler_Table_Base       
0000463c  __TI_Handler_Table_Limit      
00004648  __TI_CINIT_Base               
00004658  __TI_CINIT_Limit              
20000000  __stack                       
20000000  __start___llvm_prf_cnts       
20000000  __stop___llvm_prf_cnts        
20000200  __STACK_END                   
20000200  __STACK_TOP                   
20000200  g_sI2CMSimpleInst             
20000324  wf0                           
20000328  wf1                           
2000032c  wf2                           
20000330  dato                          
20000332  u_kint                        
20000334  g_bMPU6050Done                
20000338  i                             
2000033c  Ref                           
20000340  u_k                           
20000344  e_k_1                         
20000348  e_k                           
2000034c  E_k                           
20000350  eD                            
20000354  kP                            
20000358  kI                            
2000035c  kD                            
20000360  xAccel                        
20000362  yAccel                        
20000364  zAccel                        
20000366  xGyro                         
20000368  yGyro                         
2000036a  zGyro                         
2000036c  xf                            
20000370  Mdata                         
20000371  send_data                     
2000037c  errno                         
ffffffff  __TI_pprof_out_hndl           
ffffffff  __TI_prof_data_size           
ffffffff  __TI_prof_data_start          
ffffffff  __binit__                     
ffffffff  __c_args__                    
ffffffff  binit                         
UNDEFED   __mpu_init                    
UNDEFED   _system_post_cinit            

[179 symbols]
