******************************************************************************
                  TI ARM Linker PC v20.2.6                     
******************************************************************************
>> Linked Sun Mar  6 23:14:04 2022

OUTPUT FILE NAME:   <MiniProyectoDisenio.out>
ENTRY POINT SYMBOL: "_c_int00_noargs"  address: 00003281


MEMORY CONFIGURATION

         name            origin    length      used     unused   attr    fill
----------------------  --------  ---------  --------  --------  ----  --------
  FLASH                 00000000   00040000  00003784  0003c87c  R  X
  SRAM                  20000000   00008000  00000339  00007cc7  RW X


SEGMENT ALLOCATION MAP

run origin  load origin   length   init length attrs members
----------  ----------- ---------- ----------- ----- -------
00000000    00000000    00003788   00003788    r-x
  00000000    00000000    0000026c   0000026c    r-- .intvecs
  0000026c    0000026c    00003294   00003294    r-x .text
  00003500    00003500    00000254   00000254    r-- .const
  00003758    00003758    00000030   00000030    r-- .cinit
20000000    20000000    0000033c   00000000    rw-
  20000000    20000000    00000200   00000000    rw- .stack
  20000200    20000200    0000012d   00000000    rw- .bss
  20000330    20000330    0000000c   00000000    rw- .data


SECTION ALLOCATION MAP

 output                                  attributes/
section   page    origin      length       input sections
--------  ----  ----------  ----------   ----------------
.intvecs   0    00000000    0000026c     
                  00000000    0000026c     tm4c123gh6pm_startup_ccs.obj (.intvecs)

.text      0    0000026c    00003294     
                  0000026c    00000bf0     i2cm_drv.obj (.text)
                  00000e5c    000005b0     mpu6050.obj (.text)
                  0000140c    00000504     main.obj (.text)
                  00001910    0000049c     uartstdio.obj (.text)
                  00001dac    000002ec     rtsv7M4_T_le_v4SPD16_eabi.lib : s_atan.c.obj (.text:atan)
                  00002098    000001e4                                   : e_atan2.c.obj (.text:atan2)
                  0000227c    000001b6                                   : fd_add_t2.asm.obj (.text)
                  00002432    00000002                                   : div0.asm.obj (.text)
                  00002434    00000158                                   : e_sqrt.c.obj (.text:sqrt)
                  0000258c    00000136                                   : fd_div_t2.asm.obj (.text)
                  000026c2    00000132     driverlib.lib : gpio.obj (.text:GPIOPadConfigSet)
                  000027f4    00000110                   : sysctl.obj (.text:SysCtlClockGet)
                  00002904    000000fc     rtsv7M4_T_le_v4SPD16_eabi.lib : fd_mul_t2.asm.obj (.text)
                  00002a00    000000f4     driverlib.lib : sysctl.obj (.text:SysCtlClockSet)
                  00002af4    0000009c     rtsv7M4_T_le_v4SPD16_eabi.lib : memcpy_t2.asm.obj (.text)
                  00002b90    00000086                                   : fd_cmp_t2.asm.obj (.text:__aeabi_cdrcmple)
                  00002c16    0000007a     driverlib.lib : adc.obj (.text:ADCSequenceStepConfigure)
                  00002c90    0000006e     rtsv7M4_T_le_v4SPD16_eabi.lib : fd_tos_t2.asm.obj (.text)
                  00002cfe    00000002     --HOLE-- [fill = 0]
                  00002d00    00000068     driverlib.lib : interrupt.obj (.text:IntDisable)
                  00002d68    00000068                   : interrupt.obj (.text:IntEnable)
                  00002dd0    00000068     rtsv7M4_T_le_v4SPD16_eabi.lib : copy_decompress_lzss.c.obj (.text:decompress:lzss:__TI_decompress_lzss)
                  00002e38    00000064     driverlib.lib : interrupt.obj (.text:IntIsEnabled)
                  00002e9c    00000060                   : timer.obj (.text:TimerConfigure)
                  00002efc    00000050                   : adc.obj (.text:ADCSequenceConfigure)
                  00002f4c    00000050                   : sysctl.obj (.text:SysCtlPeripheralReset)
                  00002f9c    0000004c                   : i2c.obj (.text:I2CMasterInitExpClk)
                  00002fe8    00000048                   : gpio.obj (.text:GPIOPinConfigure)
                  00003030    00000046                   : uart.obj (.text:UARTConfigSetExpClk)
                  00003076    00000002     --HOLE-- [fill = 0]
                  00003078    00000044     rtsv7M4_T_le_v4SPD16_eabi.lib : autoinit.c.obj (.text:__TI_auto_init_nobinit_nopinit:__TI_auto_init_nobinit_nopinit)
                  000030bc    00000040                                   : u_divt2.asm.obj (.text)
                  000030fc    0000003c     driverlib.lib : ssi.obj (.text:SSIConfigSetExpClk)
                  00003138    00000038                   : sysctl.obj (.text:SysCtlPeripheralPresent)
                  00003170    00000038     rtsv7M4_T_le_v4SPD16_eabi.lib : fs_tod_t2.asm.obj (.text)
                  000031a8    00000036     i2cm_drv.obj (.text:I2CMRead)
                  000031de    00000036     i2cm_drv.obj (.text:I2CMWrite)
                  00003214    00000036     i2cm_drv.obj (.text:I2CMWriteBatched)
                  0000324a    00000002     --HOLE-- [fill = 0]
                  0000324c    00000034     driverlib.lib : sysctl.obj (.text:SysCtlPeripheralEnable)
                  00003280    00000034     rtsv7M4_T_le_v4SPD16_eabi.lib : boot_cortex_m.c.obj (.text:_c_int00_noargs:_c_int00_noargs)
                  000032b4    0000002e     driverlib.lib : adc.obj (.text:ADCIntStatus)
                  000032e2    0000002a                   : gpio.obj (.text:GPIODirModeSet)
                  0000330c    00000020                   : uart.obj (.text:UARTDisable)
                  0000332c    0000001e                   : adc.obj (.text:ADCSequenceDataGet)
                  0000334a    0000001c     rtsv7M4_T_le_v4SPD16_eabi.lib : copy_zero_init.c.obj (.text:decompress:ZI:__TI_zero_init_nomemset:__TI_zero_init_nomemset)
                  00003366    00000018     driverlib.lib : adc.obj (.text:ADCProcessorTrigger)
                  0000337e    00000014                   : uart.obj (.text:UARTEnable)
                  00003392    00000012                   : gpio.obj (.text:GPIOPinTypeADC)
                  000033a4    00000012                   : gpio.obj (.text:GPIOPinTypeI2C)
                  000033b6    00000012                   : gpio.obj (.text:GPIOPinTypeI2CSCL)
                  000033c8    00000012                   : gpio.obj (.text:GPIOPinTypeSSI)
                  000033da    00000012                   : gpio.obj (.text:GPIOPinTypeUART)
                  000033ec    00000012                   : ssi.obj (.text:SSIDataGetNonBlocking)
                  000033fe    00000012                   : timer.obj (.text:TimerLoadSet)
                  00003410    00000010                   : interrupt.obj (.text:IntMasterEnable)
                  00003420    0000000e                   : adc.obj (.text:ADCSequenceEnable)
                  0000342e    0000000e                   : timer.obj (.text:TimerEnable)
                  0000343c    0000000e     rtsv7M4_T_le_v4SPD16_eabi.lib : copy_decompress_none.c.obj (.text:decompress:none:__TI_decompress_none)
                  0000344a    0000000c     driverlib.lib : cpu.obj (.text:CPUcpsie)
                  00003456    00000002     --HOLE-- [fill = 0]
                  00003458    0000000c                   : interrupt.obj (.text:IntTrigger)
                  00003464    0000000c     tm4c123gh6pm_startup_ccs.obj (.text)
                  00003470    0000000a     driverlib.lib : adc.obj (.text:ADCIntClear)
                  0000347a    0000000a                   : i2c.obj (.text:I2CMasterEnable)
                  00003484    0000000a                   : ssi.obj (.text:SSIDataPut)
                  0000348e    0000000a                   : ssi.obj (.text:SSIEnable)
                  00003498    0000000a                   : uart.obj (.text:UARTCharGet)
                  000034a2    0000000a                   : uart.obj (.text:UARTCharPut)
                  000034ac    00000008                   : i2c.obj (.text:I2CMasterIntClear)
                  000034b4    00000008                   : i2c.obj (.text:I2CMasterIntEnableEx)
                  000034bc    00000008                   : i2c.obj (.text:I2CMasterSlaveAddrSet)
                  000034c4    00000008                   : ssi.obj (.text:SSIBusy)
                  000034cc    00000008                   : timer.obj (.text:TimerIntEnable)
                  000034d4    00000008     rtsv7M4_T_le_v4SPD16_eabi.lib : errno.c.obj (.text:__aeabi_errno_addr)
                  000034dc    00000006     driverlib.lib : sysctl.obj (.text:SysCtlDelay)
                  000034e2    00000006                   : uart.obj (.text:UARTClockSourceSet)
                  000034e8    00000004                   : i2c.obj (.text:I2CMasterControl)
                  000034ec    00000004                   : i2c.obj (.text:I2CMasterDataGet)
                  000034f0    00000004                   : i2c.obj (.text:I2CMasterDataPut)
                  000034f4    00000004                   : timer.obj (.text:TimerIntClear)
                  000034f8    00000004     rtsv7M4_T_le_v4SPD16_eabi.lib : pre_init.c.obj (.text:_system_pre_init)
                  000034fc    00000004                                   : exit.c.obj (.text:abort:abort)

.const     0    00003500    00000254     
                  00003500    00000098     rtsv7M4_T_le_v4SPD16_eabi.lib : s_atan.c.obj (.const:$O1$$)
                  00003598    00000090     driverlib.lib : gpio.obj (.const:g_pui32GPIOBaseAddrs)
                  00003628    00000070                   : interrupt.obj (.const)
                  00003698    0000006c                   : sysctl.obj (.const:g_pui32Xtals)
                  00003704    00000012     uartstdio.obj (.const:.string)
                  00003716    00000002     --HOLE-- [fill = 0]
                  00003718    00000010     mpu6050.obj (.const:g_fMPU6050AccelFactors)
                  00003728    00000010     mpu6050.obj (.const:g_fMPU6050GyroFactors)
                  00003738    0000000c     uartstdio.obj (.const:g_ui32UARTBase)
                  00003744    0000000c     uartstdio.obj (.const:g_ui32UARTPeriph)
                  00003750    00000004     uartstdio.obj (.const)

.cinit     0    00003758    00000030     
                  00003758    0000000c     (__TI_handler_table)
                  00003764    00000004     --HOLE-- [fill = 0]
                  00003768    00000008     (.cinit..bss.load) [load image, compression = zero_init]
                  00003770    00000007     (.cinit..data.load) [load image, compression = lzss]
                  00003777    00000001     --HOLE-- [fill = 0]
                  00003778    00000010     (__TI_cinit_table)

.init_array 
*          0    00000000    00000000     UNINITIALIZED

.bss       0    20000200    0000012d     UNINITIALIZED
                  20000200    00000124     (.common:g_sI2CMSimpleInst)
                  20000324    00000004     (.common:u_k)
                  20000328    00000002     (.common:dato)
                  2000032a    00000002     (.common:u_kint)
                  2000032c    00000001     (.common:g_bMPU6050Done)

.data      0    20000330    0000000c     UNINITIALIZED
                  20000330    00000005     uartstdio.obj (.data)
                  20000335    00000003     --HOLE--
                  20000338    00000004     rtsv7M4_T_le_v4SPD16_eabi.lib : errno.c.obj (.data)

.stack     0    20000000    00000200     UNINITIALIZED
                  20000000    00000004     rtsv7M4_T_le_v4SPD16_eabi.lib : boot_cortex_m.c.obj (.stack)
                  20000004    000001fc     --HOLE--

__llvm_prf_cnts 
*          0    20000000    00000000     UNINITIALIZED

MODULE SUMMARY

       Module                         code    ro data   rw data
       ------                         ----    -------   -------
    .\
       i2cm_drv.obj                   3218    0         0      
       main.obj                       1284    0         301    
       mpu6050.obj                    1456    32        0      
       uartstdio.obj                  1180    46        5      
       tm4c123gh6pm_startup_ccs.obj   12      620       0      
    +--+------------------------------+-------+---------+---------+
       Total:                         7150    698       306    
                                                               
    C:/ti/TivaWare_C_Series-2.1.4.178/driverlib/ccs/Debug/driverlib.lib
       sysctl.obj                     710     108       0      
       gpio.obj                       510     144       0      
       interrupt.obj                  336     112       0      
       adc.obj                        326     0         0      
       uart.obj                       148     0         0      
       timer.obj                      140     0         0      
       i2c.obj                        122     0         0      
       ssi.obj                        106     0         0      
       cpu.obj                        12      0         0      
    +--+------------------------------+-------+---------+---------+
       Total:                         2410    364       0      
                                                               
    C:\ti\ccs1110\ccs\tools\compiler\ti-cgt-arm_20.2.6.LTS\lib\rtsv7M4_T_le_v4SPD16_eabi.lib
       s_atan.c.obj                   748     152       0      
       e_atan2.c.obj                  484     0         0      
       fd_add_t2.asm.obj              438     0         0      
       e_sqrt.c.obj                   344     0         0      
       fd_div_t2.asm.obj              310     0         0      
       fd_mul_t2.asm.obj              252     0         0      
       memcpy_t2.asm.obj              156     0         0      
       fd_cmp_t2.asm.obj              134     0         0      
       fd_tos_t2.asm.obj              110     0         0      
       copy_decompress_lzss.c.obj     104     0         0      
       autoinit.c.obj                 68      0         0      
       u_divt2.asm.obj                64      0         0      
       fs_tod_t2.asm.obj              56      0         0      
       boot_cortex_m.c.obj            52      0         0      
       copy_zero_init.c.obj           28      0         0      
       copy_decompress_none.c.obj     14      0         0      
       errno.c.obj                    8       0         4      
       exit.c.obj                     4       0         0      
       pre_init.c.obj                 4       0         0      
       div0.asm.obj                   2       0         0      
    +--+------------------------------+-------+---------+---------+
       Total:                         3380    152       4      
                                                               
       Stack:                         0       0         512    
       Linker Generated:              0       43        0      
    +--+------------------------------+-------+---------+---------+
       Grand Total:                   12940   1257      822    


LINKER GENERATED COPY TABLES

__TI_cinit_table @ 00003778 records: 2, size/record: 8, table size: 16
	.bss: load addr=00003768, load size=00000008 bytes, run addr=20000200, run size=0000012d bytes, compression=zero_init
	.data: load addr=00003770, load size=00000007 bytes, run addr=20000330, run size=0000000c bytes, compression=lzss


LINKER GENERATED HANDLER TABLE

__TI_handler_table @ 00003758 records: 3, size/record: 4, table size: 12
	index: 0, handler: __TI_decompress_lzss
	index: 1, handler: __TI_decompress_none
	index: 2, handler: __TI_zero_init


GLOBAL SYMBOLS: SORTED ALPHABETICALLY BY Name 

address   name                          
-------   ----                          
00003471  ADCIntClear                   
000032b5  ADCIntStatus                  
00003367  ADCProcessorTrigger           
00002efd  ADCSequenceConfigure          
0000332d  ADCSequenceDataGet            
00003421  ADCSequenceEnable             
00002c17  ADCSequenceStepConfigure      
000034fd  C$$EXIT                       
0000344b  CPUcpsie                      
000032e3  GPIODirModeSet                
000026c3  GPIOPadConfigSet              
00002fe9  GPIOPinConfigure              
00003393  GPIOPinTypeADC                
000033a5  GPIOPinTypeI2C                
000033b7  GPIOPinTypeI2CSCL             
000033c9  GPIOPinTypeSSI                
000033db  GPIOPinTypeUART               
0000085d  I2CMCommand                   
00000807  I2CMInit                      
000006e9  I2CMIntHandler                
000031a9  I2CMRead                      
00000d21  I2CMRead16BE                  
00000b47  I2CMReadModifyWrite16LE       
000009ff  I2CMReadModifyWrite8          
00001571  I2CMSimpleIntHandler          
00000929  I2CMTransferResume            
000031df  I2CMWrite                     
00000de7  I2CMWrite16BE                 
00000c55  I2CMWrite8                    
00003215  I2CMWriteBatched              
000034e9  I2CMasterControl              
000034ed  I2CMasterDataGet              
000034f1  I2CMasterDataPut              
0000347b  I2CMasterEnable               
00002f9d  I2CMasterInitExpClk           
000034ad  I2CMasterIntClear             
000034b5  I2CMasterIntEnableEx          
000034bd  I2CMasterSlaveAddrSet         
000014ab  InitConsole                   
000014e7  InitI2C0                      
00002d01  IntDisable                    
00002d69  IntEnable                     
00002e39  IntIsEnabled                  
00003411  IntMasterEnable               
00003459  IntTrigger                    
0000155f  MPU6050Callback               
0000128d  MPU6050DataAccelGetFloat      
00001241  MPU6050DataAccelGetRaw        
00001371  MPU6050DataGyroGetFloat       
00001321  MPU6050DataGyroGetRaw         
000011dd  MPU6050DataRead               
00001591  MPU6050Example                
00000fc7  MPU6050Init                   
00001049  MPU6050Read                   
0000117f  MPU6050ReadModifyWrite        
000010b5  MPU6050Write                  
00003465  ResetISR                      
000034c5  SSIBusy                       
000030fd  SSIConfigSetExpClk            
000033ed  SSIDataGetNonBlocking         
00003485  SSIDataPut                    
0000348f  SSIEnable                     
000027f5  SysCtlClockGet                
00002a01  SysCtlClockSet                
000034dd  SysCtlDelay                   
0000324d  SysCtlPeripheralEnable        
00003139  SysCtlPeripheralPresent       
00002f4d  SysCtlPeripheralReset         
0000140d  Timer0IntHandler              
00002e9d  TimerConfigure                
0000342f  TimerEnable                   
000034f5  TimerIntClear                 
000034cd  TimerIntEnable                
000033ff  TimerLoadSet                  
00003499  UARTCharGet                   
000034a3  UARTCharPut                   
000034e3  UARTClockSourceSet            
00003031  UARTConfigSetExpClk           
0000330d  UARTDisable                   
0000337f  UARTEnable                    
00001911  UARTStdioConfig               
00001a57  UARTgetc                      
0000199d  UARTgets                      
00001d77  UARTprintf                    
00001a7d  UARTvprintf                   
00001957  UARTwrite                     
20000200  __STACK_END                   
00000200  __STACK_SIZE                  
20000200  __STACK_TOP                   
00003778  __TI_CINIT_Base               
00003788  __TI_CINIT_Limit              
00003758  __TI_Handler_Table_Base       
00003764  __TI_Handler_Table_Limit      
00003079  __TI_auto_init_nobinit_nopinit
00002dd1  __TI_decompress_lzss          
0000343d  __TI_decompress_none          
ffffffff  __TI_pprof_out_hndl           
ffffffff  __TI_prof_data_size           
ffffffff  __TI_prof_data_start          
00000000  __TI_static_base__            
0000334b  __TI_zero_init_nomemset       
00002b91  __aeabi_cdrcmple              
00002c91  __aeabi_d2f                   
00002287  __aeabi_dadd                  
0000258d  __aeabi_ddiv                  
00002905  __aeabi_dmul                  
0000227d  __aeabi_dsub                  
000034d5  __aeabi_errno_addr            
00003171  __aeabi_f2d                   
00002433  __aeabi_idiv0                 
00002433  __aeabi_ldiv0                 
00002af5  __aeabi_memcpy                
00002af5  __aeabi_memcpy4               
00002af5  __aeabi_memcpy8               
000030bd  __aeabi_uidiv                 
000030bd  __aeabi_uidivmod              
ffffffff  __binit__                     
ffffffff  __c_args__                    
UNDEFED   __mpu_init                    
20000000  __stack                       
20000000  __start___llvm_prf_cnts       
20000000  __stop___llvm_prf_cnts        
00003281  _c_int00_noargs               
UNDEFED   _system_post_cinit            
000034f9  _system_pre_init              
000034fd  abort                         
00001dad  atan                          
00002099  atan2                         
00002099  atan2l                        
00001dad  atanl                         
ffffffff  binit                         
20000328  dato                          
00001543  delayMS                       
20000338  errno                         
2000032c  g_bMPU6050Done                
00000000  g_pfnVectors                  
20000200  g_sI2CMSimpleInst             
00001791  main                          
00002af5  memcpy                        
00002435  sqrt                          
00002435  sqrtl                         
20000324  u_k                           
2000032a  u_kint                        


GLOBAL SYMBOLS: SORTED BY Symbol Address 

address   name                          
-------   ----                          
00000000  __TI_static_base__            
00000000  g_pfnVectors                  
00000200  __STACK_SIZE                  
000006e9  I2CMIntHandler                
00000807  I2CMInit                      
0000085d  I2CMCommand                   
00000929  I2CMTransferResume            
000009ff  I2CMReadModifyWrite8          
00000b47  I2CMReadModifyWrite16LE       
00000c55  I2CMWrite8                    
00000d21  I2CMRead16BE                  
00000de7  I2CMWrite16BE                 
00000fc7  MPU6050Init                   
00001049  MPU6050Read                   
000010b5  MPU6050Write                  
0000117f  MPU6050ReadModifyWrite        
000011dd  MPU6050DataRead               
00001241  MPU6050DataAccelGetRaw        
0000128d  MPU6050DataAccelGetFloat      
00001321  MPU6050DataGyroGetRaw         
00001371  MPU6050DataGyroGetFloat       
0000140d  Timer0IntHandler              
000014ab  InitConsole                   
000014e7  InitI2C0                      
00001543  delayMS                       
0000155f  MPU6050Callback               
00001571  I2CMSimpleIntHandler          
00001591  MPU6050Example                
00001791  main                          
00001911  UARTStdioConfig               
00001957  UARTwrite                     
0000199d  UARTgets                      
00001a57  UARTgetc                      
00001a7d  UARTvprintf                   
00001d77  UARTprintf                    
00001dad  atan                          
00001dad  atanl                         
00002099  atan2                         
00002099  atan2l                        
0000227d  __aeabi_dsub                  
00002287  __aeabi_dadd                  
00002433  __aeabi_idiv0                 
00002433  __aeabi_ldiv0                 
00002435  sqrt                          
00002435  sqrtl                         
0000258d  __aeabi_ddiv                  
000026c3  GPIOPadConfigSet              
000027f5  SysCtlClockGet                
00002905  __aeabi_dmul                  
00002a01  SysCtlClockSet                
00002af5  __aeabi_memcpy                
00002af5  __aeabi_memcpy4               
00002af5  __aeabi_memcpy8               
00002af5  memcpy                        
00002b91  __aeabi_cdrcmple              
00002c17  ADCSequenceStepConfigure      
00002c91  __aeabi_d2f                   
00002d01  IntDisable                    
00002d69  IntEnable                     
00002dd1  __TI_decompress_lzss          
00002e39  IntIsEnabled                  
00002e9d  TimerConfigure                
00002efd  ADCSequenceConfigure          
00002f4d  SysCtlPeripheralReset         
00002f9d  I2CMasterInitExpClk           
00002fe9  GPIOPinConfigure              
00003031  UARTConfigSetExpClk           
00003079  __TI_auto_init_nobinit_nopinit
000030bd  __aeabi_uidiv                 
000030bd  __aeabi_uidivmod              
000030fd  SSIConfigSetExpClk            
00003139  SysCtlPeripheralPresent       
00003171  __aeabi_f2d                   
000031a9  I2CMRead                      
000031df  I2CMWrite                     
00003215  I2CMWriteBatched              
0000324d  SysCtlPeripheralEnable        
00003281  _c_int00_noargs               
000032b5  ADCIntStatus                  
000032e3  GPIODirModeSet                
0000330d  UARTDisable                   
0000332d  ADCSequenceDataGet            
0000334b  __TI_zero_init_nomemset       
00003367  ADCProcessorTrigger           
0000337f  UARTEnable                    
00003393  GPIOPinTypeADC                
000033a5  GPIOPinTypeI2C                
000033b7  GPIOPinTypeI2CSCL             
000033c9  GPIOPinTypeSSI                
000033db  GPIOPinTypeUART               
000033ed  SSIDataGetNonBlocking         
000033ff  TimerLoadSet                  
00003411  IntMasterEnable               
00003421  ADCSequenceEnable             
0000342f  TimerEnable                   
0000343d  __TI_decompress_none          
0000344b  CPUcpsie                      
00003459  IntTrigger                    
00003465  ResetISR                      
00003471  ADCIntClear                   
0000347b  I2CMasterEnable               
00003485  SSIDataPut                    
0000348f  SSIEnable                     
00003499  UARTCharGet                   
000034a3  UARTCharPut                   
000034ad  I2CMasterIntClear             
000034b5  I2CMasterIntEnableEx          
000034bd  I2CMasterSlaveAddrSet         
000034c5  SSIBusy                       
000034cd  TimerIntEnable                
000034d5  __aeabi_errno_addr            
000034dd  SysCtlDelay                   
000034e3  UARTClockSourceSet            
000034e9  I2CMasterControl              
000034ed  I2CMasterDataGet              
000034f1  I2CMasterDataPut              
000034f5  TimerIntClear                 
000034f9  _system_pre_init              
000034fd  C$$EXIT                       
000034fd  abort                         
00003758  __TI_Handler_Table_Base       
00003764  __TI_Handler_Table_Limit      
00003778  __TI_CINIT_Base               
00003788  __TI_CINIT_Limit              
20000000  __stack                       
20000000  __start___llvm_prf_cnts       
20000000  __stop___llvm_prf_cnts        
20000200  __STACK_END                   
20000200  __STACK_TOP                   
20000200  g_sI2CMSimpleInst             
20000324  u_k                           
20000328  dato                          
2000032a  u_kint                        
2000032c  g_bMPU6050Done                
20000338  errno                         
ffffffff  __TI_pprof_out_hndl           
ffffffff  __TI_prof_data_size           
ffffffff  __TI_prof_data_start          
ffffffff  __binit__                     
ffffffff  __c_args__                    
ffffffff  binit                         
UNDEFED   __mpu_init                    
UNDEFED   _system_post_cinit            

[143 symbols]
