******************************************************************************
                  TI ARM Linker PC v20.2.6                     
******************************************************************************
>> Linked Sun Mar 13 23:46:21 2022

OUTPUT FILE NAME:   <MiniProyectoDisenio.out>
ENTRY POINT SYMBOL: "_c_int00_noargs"  address: 000033ed


MEMORY CONFIGURATION

         name            origin    length      used     unused   attr    fill
----------------------  --------  ---------  --------  --------  ----  --------
  FLASH                 00000000   00040000  0000390c  0003c6f4  R  X
  SRAM                  20000000   00008000  0000036d  00007c93  RW X


SEGMENT ALLOCATION MAP

run origin  load origin   length   init length attrs members
----------  ----------- ---------- ----------- ----- -------
00000000    00000000    00003910   00003910    r-x
  00000000    00000000    0000026c   0000026c    r-- .intvecs
  0000026c    0000026c    0000340c   0000340c    r-x .text
  00003678    00003678    00000254   00000254    r-- .const
  000038d0    000038d0    00000040   00000040    r-- .cinit
20000000    20000000    00000370   00000000    rw-
  20000000    20000000    00000200   00000000    rw- .stack
  20000200    20000200    00000131   00000000    rw- .bss
  20000334    20000334    0000003c   00000000    rw- .data


SECTION ALLOCATION MAP

 output                                  attributes/
section   page    origin      length       input sections
--------  ----  ----------  ----------   ----------------
.intvecs   0    00000000    0000026c     
                  00000000    0000026c     tm4c123gh6pm_startup_ccs.obj (.intvecs)

.text      0    0000026c    0000340c     
                  0000026c    00000bf0     i2cm_drv.obj (.text)
                  00000e5c    00000670     main.obj (.text)
                  000014cc    000005b0     mpu6050.obj (.text)
                  00001a7c    0000049c     uartstdio.obj (.text)
                  00001f18    000002ec     rtsv7M4_T_le_v4SPD16_eabi.lib : s_atan.c.obj (.text:atan)
                  00002204    000001e4                                   : e_atan2.c.obj (.text:atan2)
                  000023e8    000001b6                                   : fd_add_t2.asm.obj (.text)
                  0000259e    00000002                                   : div0.asm.obj (.text)
                  000025a0    00000158                                   : e_sqrt.c.obj (.text:sqrt)
                  000026f8    00000136                                   : fd_div_t2.asm.obj (.text)
                  0000282e    00000132     driverlib.lib : gpio.obj (.text:GPIOPadConfigSet)
                  00002960    00000110                   : sysctl.obj (.text:SysCtlClockGet)
                  00002a70    000000fc     rtsv7M4_T_le_v4SPD16_eabi.lib : fd_mul_t2.asm.obj (.text)
                  00002b6c    000000f4     driverlib.lib : sysctl.obj (.text:SysCtlClockSet)
                  00002c60    0000009c     rtsv7M4_T_le_v4SPD16_eabi.lib : memcpy_t2.asm.obj (.text)
                  00002cfc    00000086                                   : fd_cmp_t2.asm.obj (.text:__aeabi_cdrcmple)
                  00002d82    0000007a     driverlib.lib : adc.obj (.text:ADCSequenceStepConfigure)
                  00002dfc    0000006e     rtsv7M4_T_le_v4SPD16_eabi.lib : fd_tos_t2.asm.obj (.text)
                  00002e6a    00000002     --HOLE-- [fill = 0]
                  00002e6c    00000068     driverlib.lib : interrupt.obj (.text:IntDisable)
                  00002ed4    00000068                   : interrupt.obj (.text:IntEnable)
                  00002f3c    00000068     rtsv7M4_T_le_v4SPD16_eabi.lib : copy_decompress_lzss.c.obj (.text:decompress:lzss:__TI_decompress_lzss)
                  00002fa4    00000064     driverlib.lib : interrupt.obj (.text:IntIsEnabled)
                  00003008    00000060                   : timer.obj (.text:TimerConfigure)
                  00003068    00000050                   : adc.obj (.text:ADCSequenceConfigure)
                  000030b8    00000050                   : sysctl.obj (.text:SysCtlPeripheralReset)
                  00003108    0000004c                   : i2c.obj (.text:I2CMasterInitExpClk)
                  00003154    00000048                   : gpio.obj (.text:GPIOPinConfigure)
                  0000319c    00000046                   : uart.obj (.text:UARTConfigSetExpClk)
                  000031e2    00000002     --HOLE-- [fill = 0]
                  000031e4    00000044     rtsv7M4_T_le_v4SPD16_eabi.lib : autoinit.c.obj (.text:__TI_auto_init_nobinit_nopinit:__TI_auto_init_nobinit_nopinit)
                  00003228    00000040                                   : u_divt2.asm.obj (.text)
                  00003268    0000003c     driverlib.lib : ssi.obj (.text:SSIConfigSetExpClk)
                  000032a4    00000038                   : sysctl.obj (.text:SysCtlPeripheralPresent)
                  000032dc    00000038     rtsv7M4_T_le_v4SPD16_eabi.lib : fs_tod_t2.asm.obj (.text)
                  00003314    00000036     i2cm_drv.obj (.text:I2CMRead)
                  0000334a    00000036     i2cm_drv.obj (.text:I2CMWrite)
                  00003380    00000036     i2cm_drv.obj (.text:I2CMWriteBatched)
                  000033b6    00000002     --HOLE-- [fill = 0]
                  000033b8    00000034     driverlib.lib : sysctl.obj (.text:SysCtlPeripheralEnable)
                  000033ec    00000034     rtsv7M4_T_le_v4SPD16_eabi.lib : boot_cortex_m.c.obj (.text:_c_int00_noargs:_c_int00_noargs)
                  00003420    0000002e     driverlib.lib : adc.obj (.text:ADCIntStatus)
                  0000344e    0000002a                   : gpio.obj (.text:GPIODirModeSet)
                  00003478    00000020                   : uart.obj (.text:UARTDisable)
                  00003498    0000001e                   : adc.obj (.text:ADCSequenceDataGet)
                  000034b6    0000001c     rtsv7M4_T_le_v4SPD16_eabi.lib : copy_zero_init.c.obj (.text:decompress:ZI:__TI_zero_init_nomemset:__TI_zero_init_nomemset)
                  000034d2    00000018     driverlib.lib : adc.obj (.text:ADCProcessorTrigger)
                  000034ea    00000014                   : uart.obj (.text:UARTEnable)
                  000034fe    00000012                   : gpio.obj (.text:GPIOPinTypeADC)
                  00003510    00000012                   : gpio.obj (.text:GPIOPinTypeI2C)
                  00003522    00000012                   : gpio.obj (.text:GPIOPinTypeI2CSCL)
                  00003534    00000012                   : gpio.obj (.text:GPIOPinTypeSSI)
                  00003546    00000012                   : gpio.obj (.text:GPIOPinTypeUART)
                  00003558    00000012                   : ssi.obj (.text:SSIDataGetNonBlocking)
                  0000356a    00000012                   : timer.obj (.text:TimerLoadSet)
                  0000357c    00000010                   : interrupt.obj (.text:IntMasterEnable)
                  0000358c    0000000e                   : adc.obj (.text:ADCSequenceEnable)
                  0000359a    0000000e                   : timer.obj (.text:TimerEnable)
                  000035a8    0000000e                   : uart.obj (.text:UARTCharGetNonBlocking)
                  000035b6    0000000e     rtsv7M4_T_le_v4SPD16_eabi.lib : copy_decompress_none.c.obj (.text:decompress:none:__TI_decompress_none)
                  000035c4    0000000c     driverlib.lib : cpu.obj (.text:CPUcpsie)
                  000035d0    0000000c                   : interrupt.obj (.text:IntTrigger)
                  000035dc    0000000c     tm4c123gh6pm_startup_ccs.obj (.text)
                  000035e8    0000000a     driverlib.lib : adc.obj (.text:ADCIntClear)
                  000035f2    0000000a                   : i2c.obj (.text:I2CMasterEnable)
                  000035fc    0000000a                   : ssi.obj (.text:SSIDataPut)
                  00003606    0000000a                   : ssi.obj (.text:SSIEnable)
                  00003610    0000000a                   : uart.obj (.text:UARTCharGet)
                  0000361a    0000000a                   : uart.obj (.text:UARTCharPut)
                  00003624    00000008                   : i2c.obj (.text:I2CMasterIntClear)
                  0000362c    00000008                   : i2c.obj (.text:I2CMasterIntEnableEx)
                  00003634    00000008                   : i2c.obj (.text:I2CMasterSlaveAddrSet)
                  0000363c    00000008                   : ssi.obj (.text:SSIBusy)
                  00003644    00000008                   : timer.obj (.text:TimerIntEnable)
                  0000364c    00000008     rtsv7M4_T_le_v4SPD16_eabi.lib : errno.c.obj (.text:__aeabi_errno_addr)
                  00003654    00000006     driverlib.lib : sysctl.obj (.text:SysCtlDelay)
                  0000365a    00000006                   : uart.obj (.text:UARTClockSourceSet)
                  00003660    00000004                   : i2c.obj (.text:I2CMasterControl)
                  00003664    00000004                   : i2c.obj (.text:I2CMasterDataGet)
                  00003668    00000004                   : i2c.obj (.text:I2CMasterDataPut)
                  0000366c    00000004                   : timer.obj (.text:TimerIntClear)
                  00003670    00000004     rtsv7M4_T_le_v4SPD16_eabi.lib : pre_init.c.obj (.text:_system_pre_init)
                  00003674    00000004                                   : exit.c.obj (.text:abort:abort)

.const     0    00003678    00000254     
                  00003678    00000098     rtsv7M4_T_le_v4SPD16_eabi.lib : s_atan.c.obj (.const:$O1$$)
                  00003710    00000090     driverlib.lib : gpio.obj (.const:g_pui32GPIOBaseAddrs)
                  000037a0    00000070                   : interrupt.obj (.const)
                  00003810    0000006c                   : sysctl.obj (.const:g_pui32Xtals)
                  0000387c    00000012     uartstdio.obj (.const:.string)
                  0000388e    00000002     --HOLE-- [fill = 0]
                  00003890    00000010     mpu6050.obj (.const:g_fMPU6050AccelFactors)
                  000038a0    00000010     mpu6050.obj (.const:g_fMPU6050GyroFactors)
                  000038b0    0000000c     uartstdio.obj (.const:g_ui32UARTBase)
                  000038bc    0000000c     uartstdio.obj (.const:g_ui32UARTPeriph)
                  000038c8    00000004     uartstdio.obj (.const)

.cinit     0    000038d0    00000040     
                  000038d0    0000001a     (.cinit..data.load) [load image, compression = lzss]
                  000038ea    00000002     --HOLE-- [fill = 0]
                  000038ec    0000000c     (__TI_handler_table)
                  000038f8    00000008     (.cinit..bss.load) [load image, compression = zero_init]
                  00003900    00000010     (__TI_cinit_table)

.init_array 
*          0    00000000    00000000     UNINITIALIZED

.bss       0    20000200    00000131     UNINITIALIZED
                  20000200    00000124     (.common:g_sI2CMSimpleInst)
                  20000324    00000004     (.common:Ref)
                  20000328    00000004     (.common:u_k)
                  2000032c    00000002     (.common:dato)
                  2000032e    00000002     (.common:u_kint)
                  20000330    00000001     (.common:g_bMPU6050Done)

.data      0    20000334    0000003c     UNINITIALIZED
                  20000334    0000002e     main.obj (.data)
                  20000362    00000002     --HOLE--
                  20000364    00000005     uartstdio.obj (.data)
                  20000369    00000003     --HOLE--
                  2000036c    00000004     rtsv7M4_T_le_v4SPD16_eabi.lib : errno.c.obj (.data)

.stack     0    20000000    00000200     UNINITIALIZED
                  20000000    00000004     rtsv7M4_T_le_v4SPD16_eabi.lib : boot_cortex_m.c.obj (.stack)
                  20000004    000001fc     --HOLE--

__llvm_prf_cnts 
*          0    20000000    00000000     UNINITIALIZED

MODULE SUMMARY

       Module                         code    ro data   rw data
       ------                         ----    -------   -------
    .\
       i2cm_drv.obj                   3218    0         0      
       main.obj                       1648    0         351    
       mpu6050.obj                    1456    32        0      
       uartstdio.obj                  1180    46        5      
       tm4c123gh6pm_startup_ccs.obj   12      620       0      
    +--+------------------------------+-------+---------+---------+
       Total:                         7514    698       356    
                                                               
    C:/ti/TivaWare_C_Series-2.1.4.178/driverlib/ccs/Debug/driverlib.lib
       sysctl.obj                     710     108       0      
       gpio.obj                       510     144       0      
       interrupt.obj                  336     112       0      
       adc.obj                        326     0         0      
       uart.obj                       162     0         0      
       timer.obj                      140     0         0      
       i2c.obj                        122     0         0      
       ssi.obj                        106     0         0      
       cpu.obj                        12      0         0      
    +--+------------------------------+-------+---------+---------+
       Total:                         2424    364       0      
                                                               
    C:\ti\ccs1110\ccs\tools\compiler\ti-cgt-arm_20.2.6.LTS\lib\rtsv7M4_T_le_v4SPD16_eabi.lib
       s_atan.c.obj                   748     152       0      
       e_atan2.c.obj                  484     0         0      
       fd_add_t2.asm.obj              438     0         0      
       e_sqrt.c.obj                   344     0         0      
       fd_div_t2.asm.obj              310     0         0      
       fd_mul_t2.asm.obj              252     0         0      
       memcpy_t2.asm.obj              156     0         0      
       fd_cmp_t2.asm.obj              134     0         0      
       fd_tos_t2.asm.obj              110     0         0      
       copy_decompress_lzss.c.obj     104     0         0      
       autoinit.c.obj                 68      0         0      
       u_divt2.asm.obj                64      0         0      
       fs_tod_t2.asm.obj              56      0         0      
       boot_cortex_m.c.obj            52      0         0      
       copy_zero_init.c.obj           28      0         0      
       copy_decompress_none.c.obj     14      0         0      
       errno.c.obj                    8       0         4      
       exit.c.obj                     4       0         0      
       pre_init.c.obj                 4       0         0      
       div0.asm.obj                   2       0         0      
    +--+------------------------------+-------+---------+---------+
       Total:                         3380    152       4      
                                                               
       Stack:                         0       0         512    
       Linker Generated:              0       62        0      
    +--+------------------------------+-------+---------+---------+
       Grand Total:                   13318   1276      872    


LINKER GENERATED COPY TABLES

__TI_cinit_table @ 00003900 records: 2, size/record: 8, table size: 16
	.data: load addr=000038d0, load size=0000001a bytes, run addr=20000334, run size=0000003c bytes, compression=lzss
	.bss: load addr=000038f8, load size=00000008 bytes, run addr=20000200, run size=00000131 bytes, compression=zero_init


LINKER GENERATED HANDLER TABLE

__TI_handler_table @ 000038ec records: 3, size/record: 4, table size: 12
	index: 0, handler: __TI_decompress_lzss
	index: 1, handler: __TI_decompress_none
	index: 2, handler: __TI_zero_init


GLOBAL SYMBOLS: SORTED ALPHABETICALLY BY Name 

address   name                          
-------   ----                          
000035e9  ADCIntClear                   
00003421  ADCIntStatus                  
000034d3  ADCProcessorTrigger           
00003069  ADCSequenceConfigure          
00003499  ADCSequenceDataGet            
0000358d  ADCSequenceEnable             
00002d83  ADCSequenceStepConfigure      
00003675  C$$EXIT                       
000035c5  CPUcpsie                      
20000340  E_k                           
0000344f  GPIODirModeSet                
0000282f  GPIOPadConfigSet              
00003155  GPIOPinConfigure              
000034ff  GPIOPinTypeADC                
00003511  GPIOPinTypeI2C                
00003523  GPIOPinTypeI2CSCL             
00003535  GPIOPinTypeSSI                
00003547  GPIOPinTypeUART               
0000085d  I2CMCommand                   
00000807  I2CMInit                      
000006e9  I2CMIntHandler                
00003315  I2CMRead                      
00000d21  I2CMRead16BE                  
00000b47  I2CMReadModifyWrite16LE       
000009ff  I2CMReadModifyWrite8          
00001087  I2CMSimpleIntHandler          
00000929  I2CMTransferResume            
0000334b  I2CMWrite                     
00000de7  I2CMWrite16BE                 
00000c55  I2CMWrite8                    
00003381  I2CMWriteBatched              
00003661  I2CMasterControl              
00003665  I2CMasterDataGet              
00003669  I2CMasterDataPut              
000035f3  I2CMasterEnable               
00003109  I2CMasterInitExpClk           
00003625  I2CMasterIntClear             
0000362d  I2CMasterIntEnableEx          
00003635  I2CMasterSlaveAddrSet         
00000fc1  InitConsole                   
00000ffd  InitI2C0                      
00002e6d  IntDisable                    
00002ed5  IntEnable                     
00002fa5  IntIsEnabled                  
0000357d  IntMasterEnable               
000035d1  IntTrigger                    
0000131d  Key                           
000010d9  MPU6050                       
00001075  MPU6050Callback               
000018fd  MPU6050DataAccelGetFloat      
000018b1  MPU6050DataAccelGetRaw        
000019e1  MPU6050DataGyroGetFloat       
00001991  MPU6050DataGyroGetRaw         
0000184d  MPU6050DataRead               
00001637  MPU6050Init                   
000016b9  MPU6050Read                   
000017ef  MPU6050ReadModifyWrite        
00001725  MPU6050Write                  
20000360  Mdata                         
20000324  Ref                           
000035dd  ResetISR                      
0000363d  SSIBusy                       
00003269  SSIConfigSetExpClk            
00003559  SSIDataGetNonBlocking         
000035fd  SSIDataPut                    
00003607  SSIEnable                     
00002961  SysCtlClockGet                
00002b6d  SysCtlClockSet                
00003655  SysCtlDelay                   
000033b9  SysCtlPeripheralEnable        
000032a5  SysCtlPeripheralPresent       
000030b9  SysCtlPeripheralReset         
00000e5d  Timer0IntHandler              
00003009  TimerConfigure                
0000359b  TimerEnable                   
0000366d  TimerIntClear                 
00003645  TimerIntEnable                
0000356b  TimerLoadSet                  
00003611  UARTCharGet                   
000035a9  UARTCharGetNonBlocking        
0000361b  UARTCharPut                   
0000365b  UARTClockSourceSet            
0000319d  UARTConfigSetExpClk           
00003479  UARTDisable                   
000034eb  UARTEnable                    
00001a7d  UARTStdioConfig               
00001bc3  UARTgetc                      
00001b09  UARTgets                      
00001ee3  UARTprintf                    
00001be9  UARTvprintf                   
00001ac3  UARTwrite                     
20000200  __STACK_END                   
00000200  __STACK_SIZE                  
20000200  __STACK_TOP                   
00003900  __TI_CINIT_Base               
00003910  __TI_CINIT_Limit              
000038ec  __TI_Handler_Table_Base       
000038f8  __TI_Handler_Table_Limit      
000031e5  __TI_auto_init_nobinit_nopinit
00002f3d  __TI_decompress_lzss          
000035b7  __TI_decompress_none          
ffffffff  __TI_pprof_out_hndl           
ffffffff  __TI_prof_data_size           
ffffffff  __TI_prof_data_start          
00000000  __TI_static_base__            
000034b7  __TI_zero_init_nomemset       
00002cfd  __aeabi_cdrcmple              
00002dfd  __aeabi_d2f                   
000023f3  __aeabi_dadd                  
000026f9  __aeabi_ddiv                  
00002a71  __aeabi_dmul                  
000023e9  __aeabi_dsub                  
0000364d  __aeabi_errno_addr            
000032dd  __aeabi_f2d                   
0000259f  __aeabi_idiv0                 
0000259f  __aeabi_ldiv0                 
00002c61  __aeabi_memcpy                
00002c61  __aeabi_memcpy4               
00002c61  __aeabi_memcpy8               
00003229  __aeabi_uidiv                 
00003229  __aeabi_uidivmod              
ffffffff  __binit__                     
ffffffff  __c_args__                    
UNDEFED   __mpu_init                    
20000000  __stack                       
20000000  __start___llvm_prf_cnts       
20000000  __stop___llvm_prf_cnts        
000033ed  _c_int00_noargs               
UNDEFED   _system_post_cinit            
00003671  _system_pre_init              
00003675  abort                         
00001f19  atan                          
00002205  atan2                         
00002205  atan2l                        
00001f19  atanl                         
ffffffff  binit                         
2000032c  dato                          
00001059  delayMS                       
2000033c  e_k                           
20000338  e_k_1                         
2000036c  errno                         
20000330  g_bMPU6050Done                
00000000  g_pfnVectors                  
20000200  g_sI2CMSimpleInst             
20000334  i                             
2000034c  kD                            
20000348  kI                            
20000344  kP                            
00001359  main                          
00002c61  memcpy                        
000012d9  sendHL                        
20000361  send_data                     
000025a1  sqrt                          
000025a1  sqrtl                         
20000328  u_k                           
2000032e  u_kint                        
20000350  xAccel                        
20000356  xGyro                         
2000035c  xf                            
20000352  yAccel                        
20000358  yGyro                         
20000354  zAccel                        
2000035a  zGyro                         


GLOBAL SYMBOLS: SORTED BY Symbol Address 

address   name                          
-------   ----                          
00000000  __TI_static_base__            
00000000  g_pfnVectors                  
00000200  __STACK_SIZE                  
000006e9  I2CMIntHandler                
00000807  I2CMInit                      
0000085d  I2CMCommand                   
00000929  I2CMTransferResume            
000009ff  I2CMReadModifyWrite8          
00000b47  I2CMReadModifyWrite16LE       
00000c55  I2CMWrite8                    
00000d21  I2CMRead16BE                  
00000de7  I2CMWrite16BE                 
00000e5d  Timer0IntHandler              
00000fc1  InitConsole                   
00000ffd  InitI2C0                      
00001059  delayMS                       
00001075  MPU6050Callback               
00001087  I2CMSimpleIntHandler          
000010d9  MPU6050                       
000012d9  sendHL                        
0000131d  Key                           
00001359  main                          
00001637  MPU6050Init                   
000016b9  MPU6050Read                   
00001725  MPU6050Write                  
000017ef  MPU6050ReadModifyWrite        
0000184d  MPU6050DataRead               
000018b1  MPU6050DataAccelGetRaw        
000018fd  MPU6050DataAccelGetFloat      
00001991  MPU6050DataGyroGetRaw         
000019e1  MPU6050DataGyroGetFloat       
00001a7d  UARTStdioConfig               
00001ac3  UARTwrite                     
00001b09  UARTgets                      
00001bc3  UARTgetc                      
00001be9  UARTvprintf                   
00001ee3  UARTprintf                    
00001f19  atan                          
00001f19  atanl                         
00002205  atan2                         
00002205  atan2l                        
000023e9  __aeabi_dsub                  
000023f3  __aeabi_dadd                  
0000259f  __aeabi_idiv0                 
0000259f  __aeabi_ldiv0                 
000025a1  sqrt                          
000025a1  sqrtl                         
000026f9  __aeabi_ddiv                  
0000282f  GPIOPadConfigSet              
00002961  SysCtlClockGet                
00002a71  __aeabi_dmul                  
00002b6d  SysCtlClockSet                
00002c61  __aeabi_memcpy                
00002c61  __aeabi_memcpy4               
00002c61  __aeabi_memcpy8               
00002c61  memcpy                        
00002cfd  __aeabi_cdrcmple              
00002d83  ADCSequenceStepConfigure      
00002dfd  __aeabi_d2f                   
00002e6d  IntDisable                    
00002ed5  IntEnable                     
00002f3d  __TI_decompress_lzss          
00002fa5  IntIsEnabled                  
00003009  TimerConfigure                
00003069  ADCSequenceConfigure          
000030b9  SysCtlPeripheralReset         
00003109  I2CMasterInitExpClk           
00003155  GPIOPinConfigure              
0000319d  UARTConfigSetExpClk           
000031e5  __TI_auto_init_nobinit_nopinit
00003229  __aeabi_uidiv                 
00003229  __aeabi_uidivmod              
00003269  SSIConfigSetExpClk            
000032a5  SysCtlPeripheralPresent       
000032dd  __aeabi_f2d                   
00003315  I2CMRead                      
0000334b  I2CMWrite                     
00003381  I2CMWriteBatched              
000033b9  SysCtlPeripheralEnable        
000033ed  _c_int00_noargs               
00003421  ADCIntStatus                  
0000344f  GPIODirModeSet                
00003479  UARTDisable                   
00003499  ADCSequenceDataGet            
000034b7  __TI_zero_init_nomemset       
000034d3  ADCProcessorTrigger           
000034eb  UARTEnable                    
000034ff  GPIOPinTypeADC                
00003511  GPIOPinTypeI2C                
00003523  GPIOPinTypeI2CSCL             
00003535  GPIOPinTypeSSI                
00003547  GPIOPinTypeUART               
00003559  SSIDataGetNonBlocking         
0000356b  TimerLoadSet                  
0000357d  IntMasterEnable               
0000358d  ADCSequenceEnable             
0000359b  TimerEnable                   
000035a9  UARTCharGetNonBlocking        
000035b7  __TI_decompress_none          
000035c5  CPUcpsie                      
000035d1  IntTrigger                    
000035dd  ResetISR                      
000035e9  ADCIntClear                   
000035f3  I2CMasterEnable               
000035fd  SSIDataPut                    
00003607  SSIEnable                     
00003611  UARTCharGet                   
0000361b  UARTCharPut                   
00003625  I2CMasterIntClear             
0000362d  I2CMasterIntEnableEx          
00003635  I2CMasterSlaveAddrSet         
0000363d  SSIBusy                       
00003645  TimerIntEnable                
0000364d  __aeabi_errno_addr            
00003655  SysCtlDelay                   
0000365b  UARTClockSourceSet            
00003661  I2CMasterControl              
00003665  I2CMasterDataGet              
00003669  I2CMasterDataPut              
0000366d  TimerIntClear                 
00003671  _system_pre_init              
00003675  C$$EXIT                       
00003675  abort                         
000038ec  __TI_Handler_Table_Base       
000038f8  __TI_Handler_Table_Limit      
00003900  __TI_CINIT_Base               
00003910  __TI_CINIT_Limit              
20000000  __stack                       
20000000  __start___llvm_prf_cnts       
20000000  __stop___llvm_prf_cnts        
20000200  __STACK_END                   
20000200  __STACK_TOP                   
20000200  g_sI2CMSimpleInst             
20000324  Ref                           
20000328  u_k                           
2000032c  dato                          
2000032e  u_kint                        
20000330  g_bMPU6050Done                
20000334  i                             
20000338  e_k_1                         
2000033c  e_k                           
20000340  E_k                           
20000344  kP                            
20000348  kI                            
2000034c  kD                            
20000350  xAccel                        
20000352  yAccel                        
20000354  zAccel                        
20000356  xGyro                         
20000358  yGyro                         
2000035a  zGyro                         
2000035c  xf                            
20000360  Mdata                         
20000361  send_data                     
2000036c  errno                         
ffffffff  __TI_pprof_out_hndl           
ffffffff  __TI_prof_data_size           
ffffffff  __TI_prof_data_start          
ffffffff  __binit__                     
ffffffff  __c_args__                    
ffffffff  binit                         
UNDEFED   __mpu_init                    
UNDEFED   _system_post_cinit            

[163 symbols]
