******************************************************************************
                  TI ARM Linker PC v20.2.6                     
******************************************************************************
>> Linked Sat Mar 12 18:04:23 2022

OUTPUT FILE NAME:   <MiniProyectoDisenio.out>
ENTRY POINT SYMBOL: "_c_int00_noargs"  address: 00002681


MEMORY CONFIGURATION

         name            origin    length      used     unused   attr    fill
----------------------  --------  ---------  --------  --------  ----  --------
  FLASH                 00000000   00040000  00002ae4  0003d51c  R  X
  SRAM                  20000000   00008000  00000332  00007cce  RW X


SEGMENT ALLOCATION MAP

run origin  load origin   length   init length attrs members
----------  ----------- ---------- ----------- ----- -------
00000000    00000000    00002ae8   00002ae8    r-x
  00000000    00000000    0000026c   0000026c    r-- .intvecs
  0000026c    0000026c    0000268c   0000268c    r-x .text
  000028f8    000028f8    000001bc   000001bc    r-- .const
  00002ab8    00002ab8    00000030   00000030    r-- .cinit
20000000    20000000    00000335   00000000    rw-
  20000000    20000000    00000200   00000000    rw- .stack
  20000200    20000200    0000012d   00000000    rw- .bss
  20000330    20000330    00000005   00000000    rw- .data


SECTION ALLOCATION MAP

 output                                  attributes/
section   page    origin      length       input sections
--------  ----  ----------  ----------   ----------------
.intvecs   0    00000000    0000026c     
                  00000000    0000026c     tm4c123gh6pm_startup_ccs.obj (.intvecs)

.text      0    0000026c    0000268c     
                  0000026c    00000bf0     i2cm_drv.obj (.text)
                  00000e5c    000005b0     mpu6050.obj (.text)
                  0000140c    0000049c     uartstdio.obj (.text)
                  000018a8    00000440     main.obj (.text)
                  00001ce8    00000132     driverlib.lib : gpio.obj (.text:GPIOPadConfigSet)
                  00001e1a    00000002     rtsv7M4_T_le_v4SPD16_eabi.lib : div0.asm.obj (.text)
                  00001e1c    00000110     driverlib.lib : sysctl.obj (.text:SysCtlClockGet)
                  00001f2c    000000f4                   : sysctl.obj (.text:SysCtlClockSet)
                  00002020    0000009c     rtsv7M4_T_le_v4SPD16_eabi.lib : memcpy_t2.asm.obj (.text)
                  000020bc    0000007a     driverlib.lib : adc.obj (.text:ADCSequenceStepConfigure)
                  00002136    00000002     --HOLE-- [fill = 0]
                  00002138    00000068                   : interrupt.obj (.text:IntDisable)
                  000021a0    00000068                   : interrupt.obj (.text:IntEnable)
                  00002208    00000068     rtsv7M4_T_le_v4SPD16_eabi.lib : copy_decompress_lzss.c.obj (.text:decompress:lzss:__TI_decompress_lzss)
                  00002270    00000064     driverlib.lib : interrupt.obj (.text:IntIsEnabled)
                  000022d4    00000060                   : timer.obj (.text:TimerConfigure)
                  00002334    00000050                   : adc.obj (.text:ADCSequenceConfigure)
                  00002384    00000050                   : sysctl.obj (.text:SysCtlPeripheralReset)
                  000023d4    0000004c                   : i2c.obj (.text:I2CMasterInitExpClk)
                  00002420    00000048                   : gpio.obj (.text:GPIOPinConfigure)
                  00002468    00000046                   : uart.obj (.text:UARTConfigSetExpClk)
                  000024ae    00000002     --HOLE-- [fill = 0]
                  000024b0    00000044     rtsv7M4_T_le_v4SPD16_eabi.lib : autoinit.c.obj (.text:__TI_auto_init_nobinit_nopinit:__TI_auto_init_nobinit_nopinit)
                  000024f4    00000040                                   : u_divt2.asm.obj (.text)
                  00002534    0000003c     driverlib.lib : ssi.obj (.text:SSIConfigSetExpClk)
                  00002570    00000038                   : sysctl.obj (.text:SysCtlPeripheralPresent)
                  000025a8    00000036     i2cm_drv.obj (.text:I2CMRead)
                  000025de    00000036     i2cm_drv.obj (.text:I2CMWrite)
                  00002614    00000036     i2cm_drv.obj (.text:I2CMWriteBatched)
                  0000264a    00000002     --HOLE-- [fill = 0]
                  0000264c    00000034     driverlib.lib : sysctl.obj (.text:SysCtlPeripheralEnable)
                  00002680    00000034     rtsv7M4_T_le_v4SPD16_eabi.lib : boot_cortex_m.c.obj (.text:_c_int00_noargs:_c_int00_noargs)
                  000026b4    0000002e     driverlib.lib : adc.obj (.text:ADCIntStatus)
                  000026e2    0000002a                   : gpio.obj (.text:GPIODirModeSet)
                  0000270c    00000020                   : uart.obj (.text:UARTDisable)
                  0000272c    0000001e                   : adc.obj (.text:ADCSequenceDataGet)
                  0000274a    0000001c     rtsv7M4_T_le_v4SPD16_eabi.lib : copy_zero_init.c.obj (.text:decompress:ZI:__TI_zero_init_nomemset:__TI_zero_init_nomemset)
                  00002766    00000018     driverlib.lib : adc.obj (.text:ADCProcessorTrigger)
                  0000277e    00000014                   : uart.obj (.text:UARTEnable)
                  00002792    00000012                   : gpio.obj (.text:GPIOPinTypeADC)
                  000027a4    00000012                   : gpio.obj (.text:GPIOPinTypeI2C)
                  000027b6    00000012                   : gpio.obj (.text:GPIOPinTypeI2CSCL)
                  000027c8    00000012                   : gpio.obj (.text:GPIOPinTypeSSI)
                  000027da    00000012                   : gpio.obj (.text:GPIOPinTypeUART)
                  000027ec    00000012                   : ssi.obj (.text:SSIDataGetNonBlocking)
                  000027fe    00000012                   : timer.obj (.text:TimerLoadSet)
                  00002810    00000010                   : interrupt.obj (.text:IntMasterEnable)
                  00002820    0000000e                   : adc.obj (.text:ADCSequenceEnable)
                  0000282e    0000000e                   : timer.obj (.text:TimerEnable)
                  0000283c    0000000e     rtsv7M4_T_le_v4SPD16_eabi.lib : copy_decompress_none.c.obj (.text:decompress:none:__TI_decompress_none)
                  0000284a    0000000c     driverlib.lib : cpu.obj (.text:CPUcpsie)
                  00002856    00000002     --HOLE-- [fill = 0]
                  00002858    0000000c                   : interrupt.obj (.text:IntTrigger)
                  00002864    0000000c     tm4c123gh6pm_startup_ccs.obj (.text)
                  00002870    0000000a     driverlib.lib : adc.obj (.text:ADCIntClear)
                  0000287a    0000000a                   : i2c.obj (.text:I2CMasterEnable)
                  00002884    0000000a                   : ssi.obj (.text:SSIDataPut)
                  0000288e    0000000a                   : ssi.obj (.text:SSIEnable)
                  00002898    0000000a                   : uart.obj (.text:UARTCharGet)
                  000028a2    0000000a                   : uart.obj (.text:UARTCharPut)
                  000028ac    00000008                   : i2c.obj (.text:I2CMasterIntClear)
                  000028b4    00000008                   : i2c.obj (.text:I2CMasterIntEnableEx)
                  000028bc    00000008                   : i2c.obj (.text:I2CMasterSlaveAddrSet)
                  000028c4    00000008                   : ssi.obj (.text:SSIBusy)
                  000028cc    00000008                   : timer.obj (.text:TimerIntEnable)
                  000028d4    00000006                   : sysctl.obj (.text:SysCtlDelay)
                  000028da    00000006                   : uart.obj (.text:UARTClockSourceSet)
                  000028e0    00000004                   : i2c.obj (.text:I2CMasterControl)
                  000028e4    00000004                   : i2c.obj (.text:I2CMasterDataGet)
                  000028e8    00000004                   : i2c.obj (.text:I2CMasterDataPut)
                  000028ec    00000004                   : timer.obj (.text:TimerIntClear)
                  000028f0    00000004     rtsv7M4_T_le_v4SPD16_eabi.lib : pre_init.c.obj (.text:_system_pre_init)
                  000028f4    00000004                                   : exit.c.obj (.text:abort:abort)

.const     0    000028f8    000001bc     
                  000028f8    00000090     driverlib.lib : gpio.obj (.const:g_pui32GPIOBaseAddrs)
                  00002988    00000070                   : interrupt.obj (.const)
                  000029f8    0000006c                   : sysctl.obj (.const:g_pui32Xtals)
                  00002a64    00000012     uartstdio.obj (.const:.string)
                  00002a76    00000002     --HOLE-- [fill = 0]
                  00002a78    00000010     mpu6050.obj (.const:g_fMPU6050AccelFactors)
                  00002a88    00000010     mpu6050.obj (.const:g_fMPU6050GyroFactors)
                  00002a98    0000000c     uartstdio.obj (.const:g_ui32UARTBase)
                  00002aa4    0000000c     uartstdio.obj (.const:g_ui32UARTPeriph)
                  00002ab0    00000004     uartstdio.obj (.const)

.cinit     0    00002ab8    00000030     
                  00002ab8    0000000c     (__TI_handler_table)
                  00002ac4    00000004     --HOLE-- [fill = 0]
                  00002ac8    00000008     (.cinit..bss.load) [load image, compression = zero_init]
                  00002ad0    00000007     (.cinit..data.load) [load image, compression = lzss]
                  00002ad7    00000001     --HOLE-- [fill = 0]
                  00002ad8    00000010     (__TI_cinit_table)

.init_array 
*          0    00000000    00000000     UNINITIALIZED

.bss       0    20000200    0000012d     UNINITIALIZED
                  20000200    00000124     (.common:g_sI2CMSimpleInst)
                  20000324    00000004     (.common:u_k)
                  20000328    00000002     (.common:dato)
                  2000032a    00000002     (.common:u_kint)
                  2000032c    00000001     (.common:g_bMPU6050Done)

.data      0    20000330    00000005     UNINITIALIZED
                  20000330    00000005     uartstdio.obj (.data)

.stack     0    20000000    00000200     UNINITIALIZED
                  20000000    00000004     rtsv7M4_T_le_v4SPD16_eabi.lib : boot_cortex_m.c.obj (.stack)
                  20000004    000001fc     --HOLE--

__llvm_prf_cnts 
*          0    20000000    00000000     UNINITIALIZED

MODULE SUMMARY

       Module                         code   ro data   rw data
       ------                         ----   -------   -------
    .\
       i2cm_drv.obj                   3218   0         0      
       mpu6050.obj                    1456   32        0      
       main.obj                       1088   0         301    
       uartstdio.obj                  1180   46        5      
       tm4c123gh6pm_startup_ccs.obj   12     620       0      
    +--+------------------------------+------+---------+---------+
       Total:                         6954   698       306    
                                                              
    C:/ti/TivaWare_C_Series-2.1.4.178/driverlib/ccs/Debug/driverlib.lib
       sysctl.obj                     710    108       0      
       gpio.obj                       510    144       0      
       interrupt.obj                  336    112       0      
       adc.obj                        326    0         0      
       uart.obj                       148    0         0      
       timer.obj                      140    0         0      
       i2c.obj                        122    0         0      
       ssi.obj                        106    0         0      
       cpu.obj                        12     0         0      
    +--+------------------------------+------+---------+---------+
       Total:                         2410   364       0      
                                                              
    C:\ti\ccs1110\ccs\tools\compiler\ti-cgt-arm_20.2.6.LTS\lib\rtsv7M4_T_le_v4SPD16_eabi.lib
       memcpy_t2.asm.obj              156    0         0      
       copy_decompress_lzss.c.obj     104    0         0      
       autoinit.c.obj                 68     0         0      
       u_divt2.asm.obj                64     0         0      
       boot_cortex_m.c.obj            52     0         0      
       copy_zero_init.c.obj           28     0         0      
       copy_decompress_none.c.obj     14     0         0      
       exit.c.obj                     4      0         0      
       pre_init.c.obj                 4      0         0      
       div0.asm.obj                   2      0         0      
    +--+------------------------------+------+---------+---------+
       Total:                         496    0         0      
                                                              
       Stack:                         0      0         512    
       Linker Generated:              0      43        0      
    +--+------------------------------+------+---------+---------+
       Grand Total:                   9860   1105      818    


LINKER GENERATED COPY TABLES

__TI_cinit_table @ 00002ad8 records: 2, size/record: 8, table size: 16
	.bss: load addr=00002ac8, load size=00000008 bytes, run addr=20000200, run size=0000012d bytes, compression=zero_init
	.data: load addr=00002ad0, load size=00000007 bytes, run addr=20000330, run size=00000005 bytes, compression=lzss


LINKER GENERATED HANDLER TABLE

__TI_handler_table @ 00002ab8 records: 3, size/record: 4, table size: 12
	index: 0, handler: __TI_decompress_lzss
	index: 1, handler: __TI_decompress_none
	index: 2, handler: __TI_zero_init


GLOBAL SYMBOLS: SORTED ALPHABETICALLY BY Name 

address   name                          
-------   ----                          
00002871  ADCIntClear                   
000026b5  ADCIntStatus                  
00002767  ADCProcessorTrigger           
00002335  ADCSequenceConfigure          
0000272d  ADCSequenceDataGet            
00002821  ADCSequenceEnable             
000020bd  ADCSequenceStepConfigure      
000028f5  C$$EXIT                       
0000284b  CPUcpsie                      
000026e3  GPIODirModeSet                
00001ce9  GPIOPadConfigSet              
00002421  GPIOPinConfigure              
00002793  GPIOPinTypeADC                
000027a5  GPIOPinTypeI2C                
000027b7  GPIOPinTypeI2CSCL             
000027c9  GPIOPinTypeSSI                
000027db  GPIOPinTypeUART               
0000085d  I2CMCommand                   
00000807  I2CMInit                      
000006e9  I2CMIntHandler                
000025a9  I2CMRead                      
00000d21  I2CMRead16BE                  
00000b47  I2CMReadModifyWrite16LE       
000009ff  I2CMReadModifyWrite8          
00001a0d  I2CMSimpleIntHandler          
00000929  I2CMTransferResume            
000025df  I2CMWrite                     
00000de7  I2CMWrite16BE                 
00000c55  I2CMWrite8                    
00002615  I2CMWriteBatched              
000028e1  I2CMasterControl              
000028e5  I2CMasterDataGet              
000028e9  I2CMasterDataPut              
0000287b  I2CMasterEnable               
000023d5  I2CMasterInitExpClk           
000028ad  I2CMasterIntClear             
000028b5  I2CMasterIntEnableEx          
000028bd  I2CMasterSlaveAddrSet         
00001947  InitConsole                   
00001983  InitI2C0                      
00002139  IntDisable                    
000021a1  IntEnable                     
00002271  IntIsEnabled                  
00002811  IntMasterEnable               
00002859  IntTrigger                    
00001a17  MPU6050                       
000019fb  MPU6050Callback               
0000128d  MPU6050DataAccelGetFloat      
00001241  MPU6050DataAccelGetRaw        
00001371  MPU6050DataGyroGetFloat       
00001321  MPU6050DataGyroGetRaw         
000011dd  MPU6050DataRead               
00000fc7  MPU6050Init                   
00001049  MPU6050Read                   
0000117f  MPU6050ReadModifyWrite        
000010b5  MPU6050Write                  
00002865  ResetISR                      
000028c5  SSIBusy                       
00002535  SSIConfigSetExpClk            
000027ed  SSIDataGetNonBlocking         
00002885  SSIDataPut                    
0000288f  SSIEnable                     
00001e1d  SysCtlClockGet                
00001f2d  SysCtlClockSet                
000028d5  SysCtlDelay                   
0000264d  SysCtlPeripheralEnable        
00002571  SysCtlPeripheralPresent       
00002385  SysCtlPeripheralReset         
000018a9  Timer0IntHandler              
000022d5  TimerConfigure                
0000282f  TimerEnable                   
000028ed  TimerIntClear                 
000028cd  TimerIntEnable                
000027ff  TimerLoadSet                  
00002899  UARTCharGet                   
000028a3  UARTCharPut                   
000028db  UARTClockSourceSet            
00002469  UARTConfigSetExpClk           
0000270d  UARTDisable                   
0000277f  UARTEnable                    
0000140d  UARTStdioConfig               
00001553  UARTgetc                      
00001499  UARTgets                      
00001873  UARTprintf                    
00001579  UARTvprintf                   
00001453  UARTwrite                     
20000200  __STACK_END                   
00000200  __STACK_SIZE                  
20000200  __STACK_TOP                   
00002ad8  __TI_CINIT_Base               
00002ae8  __TI_CINIT_Limit              
00002ab8  __TI_Handler_Table_Base       
00002ac4  __TI_Handler_Table_Limit      
000024b1  __TI_auto_init_nobinit_nopinit
00002209  __TI_decompress_lzss          
0000283d  __TI_decompress_none          
ffffffff  __TI_pprof_out_hndl           
ffffffff  __TI_prof_data_size           
ffffffff  __TI_prof_data_start          
00000000  __TI_static_base__            
0000274b  __TI_zero_init_nomemset       
00001e1b  __aeabi_idiv0                 
00001e1b  __aeabi_ldiv0                 
00002021  __aeabi_memcpy                
00002021  __aeabi_memcpy4               
00002021  __aeabi_memcpy8               
000024f5  __aeabi_uidiv                 
000024f5  __aeabi_uidivmod              
ffffffff  __binit__                     
ffffffff  __c_args__                    
UNDEFED   __mpu_init                    
20000000  __stack                       
20000000  __start___llvm_prf_cnts       
20000000  __stop___llvm_prf_cnts        
00002681  _c_int00_noargs               
UNDEFED   _system_post_cinit            
000028f1  _system_pre_init              
000028f5  abort                         
ffffffff  binit                         
20000328  dato                          
000019df  delayMS                       
2000032c  g_bMPU6050Done                
00000000  g_pfnVectors                  
20000200  g_sI2CMSimpleInst             
00001b6d  main                          
00002021  memcpy                        
20000324  u_k                           
2000032a  u_kint                        


GLOBAL SYMBOLS: SORTED BY Symbol Address 

address   name                          
-------   ----                          
00000000  __TI_static_base__            
00000000  g_pfnVectors                  
00000200  __STACK_SIZE                  
000006e9  I2CMIntHandler                
00000807  I2CMInit                      
0000085d  I2CMCommand                   
00000929  I2CMTransferResume            
000009ff  I2CMReadModifyWrite8          
00000b47  I2CMReadModifyWrite16LE       
00000c55  I2CMWrite8                    
00000d21  I2CMRead16BE                  
00000de7  I2CMWrite16BE                 
00000fc7  MPU6050Init                   
00001049  MPU6050Read                   
000010b5  MPU6050Write                  
0000117f  MPU6050ReadModifyWrite        
000011dd  MPU6050DataRead               
00001241  MPU6050DataAccelGetRaw        
0000128d  MPU6050DataAccelGetFloat      
00001321  MPU6050DataGyroGetRaw         
00001371  MPU6050DataGyroGetFloat       
0000140d  UARTStdioConfig               
00001453  UARTwrite                     
00001499  UARTgets                      
00001553  UARTgetc                      
00001579  UARTvprintf                   
00001873  UARTprintf                    
000018a9  Timer0IntHandler              
00001947  InitConsole                   
00001983  InitI2C0                      
000019df  delayMS                       
000019fb  MPU6050Callback               
00001a0d  I2CMSimpleIntHandler          
00001a17  MPU6050                       
00001b6d  main                          
00001ce9  GPIOPadConfigSet              
00001e1b  __aeabi_idiv0                 
00001e1b  __aeabi_ldiv0                 
00001e1d  SysCtlClockGet                
00001f2d  SysCtlClockSet                
00002021  __aeabi_memcpy                
00002021  __aeabi_memcpy4               
00002021  __aeabi_memcpy8               
00002021  memcpy                        
000020bd  ADCSequenceStepConfigure      
00002139  IntDisable                    
000021a1  IntEnable                     
00002209  __TI_decompress_lzss          
00002271  IntIsEnabled                  
000022d5  TimerConfigure                
00002335  ADCSequenceConfigure          
00002385  SysCtlPeripheralReset         
000023d5  I2CMasterInitExpClk           
00002421  GPIOPinConfigure              
00002469  UARTConfigSetExpClk           
000024b1  __TI_auto_init_nobinit_nopinit
000024f5  __aeabi_uidiv                 
000024f5  __aeabi_uidivmod              
00002535  SSIConfigSetExpClk            
00002571  SysCtlPeripheralPresent       
000025a9  I2CMRead                      
000025df  I2CMWrite                     
00002615  I2CMWriteBatched              
0000264d  SysCtlPeripheralEnable        
00002681  _c_int00_noargs               
000026b5  ADCIntStatus                  
000026e3  GPIODirModeSet                
0000270d  UARTDisable                   
0000272d  ADCSequenceDataGet            
0000274b  __TI_zero_init_nomemset       
00002767  ADCProcessorTrigger           
0000277f  UARTEnable                    
00002793  GPIOPinTypeADC                
000027a5  GPIOPinTypeI2C                
000027b7  GPIOPinTypeI2CSCL             
000027c9  GPIOPinTypeSSI                
000027db  GPIOPinTypeUART               
000027ed  SSIDataGetNonBlocking         
000027ff  TimerLoadSet                  
00002811  IntMasterEnable               
00002821  ADCSequenceEnable             
0000282f  TimerEnable                   
0000283d  __TI_decompress_none          
0000284b  CPUcpsie                      
00002859  IntTrigger                    
00002865  ResetISR                      
00002871  ADCIntClear                   
0000287b  I2CMasterEnable               
00002885  SSIDataPut                    
0000288f  SSIEnable                     
00002899  UARTCharGet                   
000028a3  UARTCharPut                   
000028ad  I2CMasterIntClear             
000028b5  I2CMasterIntEnableEx          
000028bd  I2CMasterSlaveAddrSet         
000028c5  SSIBusy                       
000028cd  TimerIntEnable                
000028d5  SysCtlDelay                   
000028db  UARTClockSourceSet            
000028e1  I2CMasterControl              
000028e5  I2CMasterDataGet              
000028e9  I2CMasterDataPut              
000028ed  TimerIntClear                 
000028f1  _system_pre_init              
000028f5  C$$EXIT                       
000028f5  abort                         
00002ab8  __TI_Handler_Table_Base       
00002ac4  __TI_Handler_Table_Limit      
00002ad8  __TI_CINIT_Base               
00002ae8  __TI_CINIT_Limit              
20000000  __stack                       
20000000  __start___llvm_prf_cnts       
20000000  __stop___llvm_prf_cnts        
20000200  __STACK_END                   
20000200  __STACK_TOP                   
20000200  g_sI2CMSimpleInst             
20000324  u_k                           
20000328  dato                          
2000032a  u_kint                        
2000032c  g_bMPU6050Done                
ffffffff  __TI_pprof_out_hndl           
ffffffff  __TI_prof_data_size           
ffffffff  __TI_prof_data_start          
ffffffff  __binit__                     
ffffffff  __c_args__                    
ffffffff  binit                         
UNDEFED   __mpu_init                    
UNDEFED   _system_post_cinit            

[128 symbols]
